Component: ARM Compiler 5.06 update 7 (build 960) Tool: armlink [4d3601]

==============================================================================

Section Cross References

    startup_stm32f407xx.o(RESET) refers to startup_stm32f407xx.o(STACK) for __initial_sp
    startup_stm32f407xx.o(RESET) refers to startup_stm32f407xx.o(.text) for Reset_Handler
    startup_stm32f407xx.o(RESET) refers to stm32f4xx_it.o(i.NMI_Handler) for NMI_Handler
    startup_stm32f407xx.o(RESET) refers to context_rvds.o(.text) for HardFault_Handler
    startup_stm32f407xx.o(RESET) refers to stm32f4xx_it.o(i.MemManage_Handler) for MemManage_Handler
    startup_stm32f407xx.o(RESET) refers to stm32f4xx_it.o(i.BusFault_Handler) for BusFault_Handler
    startup_stm32f407xx.o(RESET) refers to stm32f4xx_it.o(i.UsageFault_Handler) for UsageFault_Handler
    startup_stm32f407xx.o(RESET) refers to stm32f4xx_it.o(i.SVC_Handler) for SVC_Handler
    startup_stm32f407xx.o(RESET) refers to stm32f4xx_it.o(i.DebugMon_Handler) for DebugMon_Handler
    startup_stm32f407xx.o(RESET) refers to stm32f4xx_it.o(i.SysTick_Handler) for SysTick_Handler
    startup_stm32f407xx.o(RESET) refers to stm32f4xx_it.o(i.DMA1_Stream1_IRQHandler) for DMA1_Stream1_IRQHandler
    startup_stm32f407xx.o(RESET) refers to stm32f4xx_it.o(i.DMA1_Stream3_IRQHandler) for DMA1_Stream3_IRQHandler
    startup_stm32f407xx.o(RESET) refers to stm32f4xx_it.o(i.USART3_IRQHandler) for USART3_IRQHandler
    startup_stm32f407xx.o(RESET) refers to stm32f4xx_it.o(i.DMA2_Stream1_IRQHandler) for DMA2_Stream1_IRQHandler
    startup_stm32f407xx.o(RESET) refers to stm32f4xx_it.o(i.DCMI_IRQHandler) for DCMI_IRQHandler
    startup_stm32f407xx.o(.text) refers to system_stm32f4xx.o(i.SystemInit) for SystemInit
    startup_stm32f407xx.o(.text) refers to entry.o(.ARM.Collect$$$$00000000) for __main
    main.o(i.SystemClock_Config) refers to memseta.o(.text) for __aeabi_memclr4
    main.o(i.SystemClock_Config) refers to stm32f4xx_hal_rcc.o(i.HAL_RCC_OscConfig) for HAL_RCC_OscConfig
    main.o(i.SystemClock_Config) refers to main.o(i.Error_Handler) for Error_Handler
    main.o(i.SystemClock_Config) refers to stm32f4xx_hal_rcc.o(i.HAL_RCC_ClockConfig) for HAL_RCC_ClockConfig
    main.o(i.SystemClock_Config) refers to stm32f4xx_hal_rcc_ex.o(i.HAL_RCCEx_PeriphCLKConfig) for HAL_RCCEx_PeriphCLKConfig
    main.o(i.main) refers to thread.o(i.rt_thread_create) for rt_thread_create
    main.o(i.main) refers to thread.o(i.rt_thread_startup) for rt_thread_startup
    main.o(i.main) refers to kservice.o(i.rt_kprintf) for rt_kprintf
    main.o(i.main) refers to bsp.o(i.RefreshInfo) for RefreshInfo
    main.o(i.main) refers to board.o(i.thread1_entry) for thread1_entry
    main.o(i.main) refers to bsp.o(.data) for g_RefreshCnt
    main.o(i.main) refers to rs485.o(.data) for g_protocolParameter
    gpio.o(i.MX_GPIO_Init) refers to memseta.o(.text) for __aeabi_memclr4
    gpio.o(i.MX_GPIO_Init) refers to stm32f4xx_hal_gpio.o(i.HAL_GPIO_WritePin) for HAL_GPIO_WritePin
    gpio.o(i.MX_GPIO_Init) refers to stm32f4xx_hal_gpio.o(i.HAL_GPIO_Init) for HAL_GPIO_Init
    crc.o(i.MX_CRC_Init) refers to stm32f4xx_hal_crc.o(i.HAL_CRC_Init) for HAL_CRC_Init
    crc.o(i.MX_CRC_Init) refers to main.o(i.Error_Handler) for Error_Handler
    crc.o(i.MX_CRC_Init) refers to crc.o(.data) for hcrc
    dcmi.o(i.HAL_DCMI_MspDeInit) refers to stm32f4xx_hal_gpio.o(i.HAL_GPIO_DeInit) for HAL_GPIO_DeInit
    dcmi.o(i.HAL_DCMI_MspDeInit) refers to stm32f4xx_hal_dma.o(i.HAL_DMA_DeInit) for HAL_DMA_DeInit
    dcmi.o(i.HAL_DCMI_MspDeInit) refers to stm32f4xx_hal_cortex.o(i.HAL_NVIC_DisableIRQ) for HAL_NVIC_DisableIRQ
    dcmi.o(i.HAL_DCMI_MspInit) refers to memseta.o(.text) for __aeabi_memclr4
    dcmi.o(i.HAL_DCMI_MspInit) refers to stm32f4xx_hal_gpio.o(i.HAL_GPIO_Init) for HAL_GPIO_Init
    dcmi.o(i.HAL_DCMI_MspInit) refers to stm32f4xx_hal_dma.o(i.HAL_DMA_Init) for HAL_DMA_Init
    dcmi.o(i.HAL_DCMI_MspInit) refers to main.o(i.Error_Handler) for Error_Handler
    dcmi.o(i.HAL_DCMI_MspInit) refers to stm32f4xx_hal_cortex.o(i.HAL_NVIC_SetPriority) for HAL_NVIC_SetPriority
    dcmi.o(i.HAL_DCMI_MspInit) refers to stm32f4xx_hal_cortex.o(i.HAL_NVIC_EnableIRQ) for HAL_NVIC_EnableIRQ
    dcmi.o(i.HAL_DCMI_MspInit) refers to dcmi.o(.bss) for hdma_dcmi
    dcmi.o(i.MX_DCMI_Init) refers to stm32f4xx_hal_dcmi_ex.o(i.HAL_DCMI_Init) for HAL_DCMI_Init
    dcmi.o(i.MX_DCMI_Init) refers to main.o(i.Error_Handler) for Error_Handler
    dcmi.o(i.MX_DCMI_Init) refers to dcmi.o(.bss) for hdcmi
    dma.o(i.MX_DMA_Init) refers to stm32f4xx_hal_cortex.o(i.HAL_NVIC_SetPriority) for HAL_NVIC_SetPriority
    dma.o(i.MX_DMA_Init) refers to stm32f4xx_hal_cortex.o(i.HAL_NVIC_EnableIRQ) for HAL_NVIC_EnableIRQ
    fsmc.o(i.HAL_FSMC_MspDeInit) refers to stm32f4xx_hal_gpio.o(i.HAL_GPIO_DeInit) for HAL_GPIO_DeInit
    fsmc.o(i.HAL_FSMC_MspDeInit) refers to fsmc.o(.data) for FSMC_DeInitialized
    fsmc.o(i.HAL_FSMC_MspInit) refers to memseta.o(.text) for __aeabi_memclr4
[...]
    0x08000ab2   0x08000ab2   0x00000032   Code   RO         6837    .text.GUIDRV_FlexColor_SetFunc  STemWin_CM4_wc16.a(GUIDRV_FlexColor.o)
    0x08000ae4   0x08000ae4   0x00000080   Code   RO         6866    .text.GUIDRV_FlexColor_SetFunc66720  STemWin_CM4_wc16.a(GUIDRV_FlexColor_Func66720.o)
    0x08000b64   0x08000b64   0x00000068   Code   RO         6846    .text.GUIDRV_FlexColor_SetMode16bppC0B16  STemWin_CM4_wc16.a(GUIDRV_FlexColor_16bpp_C0B16.o)
    0x08000bcc   0x08000bcc   0x000000b2   Code   RO         6828    .text.GUIDRV_FlexColor__GetPixelIndexNoCache  STemWin_CM4_wc16.a(GUIDRV_FlexColor.o)
    0x08000c7e   0x08000c7e   0x00000002   PAD
    0x08000c80   0x08000c80   0x0000003c   Code   RO         6829    .text.GUIDRV_FlexColor__InitOnce  STemWin_CM4_wc16.a(GUIDRV_FlexColor.o)
    0x08000cbc   0x08000cbc   0x00000048   Code   RO         6803    .text.GUIDRV_FlexColor__SetLog2Phys  STemWin_CM4_wc16.a(GUIDRV_FlexColor.o)
    0x08000d04   0x08000d04   0x00000088   Code   RO         6827    .text.GUIDRV_FlexColor__SetPixelIndexNoCache  STemWin_CM4_wc16.a(GUIDRV_FlexColor.o)
    0x08000d8c   0x08000d8c   0x0000013c   Code   RO         6916    .text.GUIMONO_DispChar  STemWin_CM4_wc16.a(GUI_CharM.o)
    0x08000ec8   0x08000ec8   0x00000018   Code   RO         6917    .text.GUIMONO_GetCharDistX  STemWin_CM4_wc16.a(GUI_CharM.o)
    0x08000ee0   0x08000ee0   0x00000006   Code   RO         6918    .text.GUIMONO_GetFontInfo  STemWin_CM4_wc16.a(GUI_CharM.o)
    0x08000ee6   0x08000ee6   0x00000036   Code   RO         6919    .text.GUIMONO_IsInFont  STemWin_CM4_wc16.a(GUI_CharM.o)
    0x08000f1c   0x08000f1c   0x000000ec   Code   RO         6527    .text.GUIPROP_DispChar  STemWin_CM4_wc16.a(GUI_CharP.o)
    0x08001008   0x08001008   0x0000003c   Code   RO         6528    .text.GUIPROP_GetCharDistX  STemWin_CM4_wc16.a(GUI_CharP.o)
    0x08001044   0x08001044   0x00000006   Code   RO         6529    .text.GUIPROP_GetFontInfo  STemWin_CM4_wc16.a(GUI_CharP.o)
    0x0800104a   0x0800104a   0x00000010   Code   RO         6530    .text.GUIPROP_IsInFont  STemWin_CM4_wc16.a(GUI_CharP.o)
    0x0800105a   0x0800105a   0x00000014   Code   RO         6526    .text.GUIPROP__FindChar  STemWin_CM4_wc16.a(GUI_CharP.o)
    0x0800106e   0x0800106e   0x00000008   Code   RO         6516    .text.GUI_ALLOC_AllocNoInit  STemWin_CM4_wc16.a(GUI_Alloc.o)
    0x08001076   0x08001076   0x00000002   PAD
    0x08001078   0x08001078   0x00000030   Code   RO         6521    .text.GUI_ALLOC_AllocZero  STemWin_CM4_wc16.a(GUI_Alloc.o)
    0x080010a8   0x080010a8   0x00000010   Code   RO         6506    .text.GUI_ALLOC_AssignMemory  STemWin_CM4_wc16.a(GUI_Alloc.o)
    0x080010b8   0x080010b8   0x00000028   Code   RO         6509    .text.GUI_ALLOC_Free  STemWin_CM4_wc16.a(GUI_Alloc.o)
    0x080010e0   0x080010e0   0x00000014   Code   RO         6493    .text.GUI_ALLOC_FreeFixedBlock  STemWin_CM4_wc16.a(GUI_Alloc.o)
    0x080010f4   0x080010f4   0x000000a4   Code   RO         6512    .text.GUI_ALLOC_GetFixedBlock  STemWin_CM4_wc16.a(GUI_Alloc.o)
    0x08001198   0x08001198   0x0000001c   Code   RO         6495    .text.GUI_ALLOC_LockH  STemWin_CM4_wc16.a(GUI_Alloc.o)
    0x080011b4   0x080011b4   0x00000030   Code   RO         6496    .text.GUI_ALLOC_UnlockH  STemWin_CM4_wc16.a(GUI_Alloc.o)
    0x080011e4   0x080011e4   0x00000014   Code   RO         6494    .text.GUI_ALLOC_h2p  STemWin_CM4_wc16.a(GUI_Alloc.o)
    0x080011f8   0x080011f8   0x0000004a   Code   RO         6557    .text.GUI_CalcColorDist  STemWin_CM4_wc16.a(GUI_Common.o)
    0x08001242   0x08001242   0x00000002   PAD
    0x08001244   0x08001244   0x00000020   Code   RO         6647    .text.GUI_Clear     STemWin_CM4_wc16.a(GUI_Core.o)
    0x08001264   0x08001264   0x00000064   Code   RO         6645    .text.GUI_ClearRect  STemWin_CM4_wc16.a(GUI_Core.o)
    0x080012c8   0x080012c8   0x0000004c   Code   RO         6668    .text.GUI_DEVICE_Create  STemWin_CM4_wc16.a(GUI_Device.o)
    0x08001314   0x08001314   0x00000028   Code   RO         6671    .text.GUI_DEVICE_CreateAndLink  STemWin_CM4_wc16.a(GUI_Device.o)
    0x0800133c   0x0800133c   0x00000004   Code   RO         6667    .text.GUI_DEVICE_Delete  STemWin_CM4_wc16.a(GUI_Device.o)
    0x08001340   0x08001340   0x00000084   Code   RO         6670    .text.GUI_DEVICE_Link  STemWin_CM4_wc16.a(GUI_Device.o)
    0x080013c4   0x080013c4   0x00000030   Code   RO         6669    .text.GUI_DEVICE_Unlink  STemWin_CM4_wc16.a(GUI_Device.o)
    0x080013f4   0x080013f4   0x00000020   Code   RO         6666    .text.GUI_DEVICE__GetpDriver  STemWin_CM4_wc16.a(GUI_Device.o)
    0x08001414   0x08001414   0x00000118   Code   RO         6677    .text.GUI_DispString  STemWin_CM4_wc16.a(GUI_DispString.o)
    0x0800152c   0x0800152c   0x00000010   Code   RO         6678    .text.GUI_DispStringAt  STemWin_CM4_wc16.a(GUI_DispString.o)
    0x0800153c   0x0800153c   0x00000050   Code   RO         6536    .text.GUI_DrawCircle  STemWin_CM4_wc16.a(GUI_Circ.o)
    0x0800158c   0x0800158c   0x00000014   Code   RO         6725    .text.GUI_GetBitsPerPixelEx  STemWin_CM4_wc16.a(LCD_GetEx.o)
    0x080015a0   0x080015a0   0x0000000e   Code   RO         6569    .text.GUI_GetBkColor  STemWin_CM4_wc16.a(GUI_Common.o)
    0x080015ae   0x080015ae   0x00000002   PAD
    0x080015b0   0x080015b0   0x00000010   Code   RO         6902    .text.GUI_GetCharDistX  STemWin_CM4_wc16.a(GUI_Char.o)
    0x080015c0   0x080015c0   0x00000010   Code   RO         6903    .text.GUI_GetCharDistXEx  STemWin_CM4_wc16.a(GUI_Char.o)
    0x080015d0   0x080015d0   0x0000000e   Code   RO         6571    .text.GUI_GetColor  STemWin_CM4_wc16.a(GUI_Common.o)
    0x080015de   0x080015de   0x00000002   PAD
    0x080015e0   0x080015e0   0x00000010   Code   RO         6899    .text.GUI_GetFontDistY  STemWin_CM4_wc16.a(GUI_Char.o)
    0x080015f0   0x080015f0   0x00000018   Code   RO         6584    .text.GUI_GetVersionString  STemWin_CM4_wc16.a(GUI_Common.o)
    0x08001608   0x08001608   0x00000030   Code   RO         6898    .text.GUI_GetYAdjust  STemWin_CM4_wc16.a(GUI_Char.o)
    0x08001638   0x08001638   0x00000010   Code   RO         6732    .text.GUI_GetpfColor2IndexEx  STemWin_CM4_wc16.a(LCD_GetEx.o)
    0x08001648   0x08001648   0x00000010   Code   RO         6730    .text.GUI_GetpfIndex2ColorEx  STemWin_CM4_wc16.a(LCD_GetEx.o)
    0x08001658   0x08001658   0x00000010   Code   RO         6597    .text.GUI_GotoXY    STemWin_CM4_wc16.a(GUI_Common.o)
    0x08001668   0x08001668   0x000000f8   Code   RO         6649    .text.GUI_Init      STemWin_CM4_wc16.a(GUI_Core.o)
    0x08001760   0x08001760   0x00000044   Code   RO         7350    .text.GUI_MEMDEV_Delete  STemWin_CM4_wc16.a(GUIDEV.o)
    0x080017a4   0x080017a4   0x0000002a   Code   RO         7349    .text.GUI_MEMDEV_GetBitsPerPixel  STemWin_CM4_wc16.a(GUIDEV.o)
    0x080017ce   0x080017ce   0x00000020   Code   RO         7365    .text.GUI_MEMDEV_GetDataPtr  STemWin_CM4_wc16.a(GUIDEV_GetDataPtr.o)
    0x080017ee   0x080017ee   0x00000002   PAD
    0x080017f0   0x080017f0   0x0000074c   Code   RO         7109    .text.GUI_MEMDEV__WriteToActiveOpaque  STemWin_CM4_wc16.a(GUIDEV_WriteToActiveOpaque.o)
    0x08001f3c   0x08001f3c   0x00000056   Code   RO         6588    .text.GUI_MergeRect  STemWin_CM4_wc16.a(GUI_Common.o)
    0x08001f92   0x08001f92   0x00000020   Code   RO         6589    .text.GUI_MoveRect  STemWin_CM4_wc16.a(GUI_Common.o)
    0x08001fb2   0x08001fb2   0x0000003a   Code   RO         6605    .text.GUI_RectsIntersect  STemWin_CM4_wc16.a(GUI_Common.o)
    0x08001fec   0x08001fec   0x00000012   Code   RO         6612    .text.GUI_SelectLCD  STemWin_CM4_wc16.a(GUI_Common.o)
    0x08001ffe   0x08001ffe   0x00000002   PAD
    0x08002000   0x08002000   0x0000002c   Code   RO         7264    .text.GUI_SelectLayer  STemWin_CM4_wc16.a(GUI_SelectLayer.o)
    0x0800202c   0x0800202c   0x00000004   Code   RO         6614    .text.GUI_SetBkColor  STemWin_CM4_wc16.a(GUI_Common.o)
    0x08002030   0x08002030   0x00000004   Code   RO         6615    .text.GUI_SetColor  STemWin_CM4_wc16.a(GUI_Common.o)
    0x08002034   0x08002034   0x0000000c   Code   RO         6641    .text.GUI_SetDefaultFont  STemWin_CM4_wc16.a(GUI_Core.o)
    0x08002040   0x08002040   0x00000014   Code   RO         6621    .text.GUI_SetFont   STemWin_CM4_wc16.a(GUI_Common.o)
    0x08002054   0x08002054   0x00000038   Code   RO         6624    .text.GUI_SetOrg    STemWin_CM4_wc16.a(GUI_Common.o)
    0x0800208c   0x0800208c   0x00000010   Code   RO         6970    .text.GUI_SignalEvent  STemWin_CM4_wc16.a(GUI_WaitEvent.o)
    0x0800209c   0x0800209c   0x00000010   Code   RO         6936    .text.GUI_StoreKey  STemWin_CM4_wc16.a(GUI_OnKey.o)
    0x080020ac   0x080020ac   0x00000010   Code   RO         6696    .text.GUI_UC_SetEncodeUTF8  STemWin_CM4_wc16.a(GUI_UC_EncodeUTF8.o)
    0x080020bc   0x080020bc   0x00000028   Code   RO         6950    .text.GUI_UC__GetCharCodeInc  STemWin_CM4_wc16.a(GUI_UC.o)
    0x080020e4   0x080020e4   0x00000024   Code   RO         6951    .text.GUI_UC__NumChars2NumBytes  STemWin_CM4_wc16.a(GUI_UC.o)
    0x08002108   0x08002108   0x00000026   Code   RO         7103    .text.GUI_USAGE_AddRect  STemWin_CM4_wc16.a(GUIDEV_Usage.o)
    0x0800212e   0x0800212e   0x00000028   Code   RO         7102    .text.GUI_USAGE_DecUseCnt  STemWin_CM4_wc16.a(GUIDEV_Usage.o)
    0x08002156   0x08002156   0x0000015e   Code   RO         7306    .text.GUI__CompactPixelIndices  STemWin_CM4_wc16.a(GUI__CompactPixelIndices.o)
    0x080022b4   0x080022b4   0x00000094   Code   RO         6648    .text.GUI__Config   STemWin_CM4_wc16.a(GUI_Core.o)
    0x08002348   0x08002348   0x000000a8   Code   RO         6912    .text.GUI__DispLine  STemWin_CM4_wc16.a(GUI_CharLine.o)
    0x080023f0   0x080023f0   0x00000060   Code   RO         6911    .text.GUI__GetLineDistX  STemWin_CM4_wc16.a(GUI_CharLine.o)
    0x08002450   0x08002450   0x00000038   Code   RO         6909    .text.GUI__GetLineNumChars  STemWin_CM4_wc16.a(GUI_CharLine.o)
    0x08002488   0x08002488   0x0000001c   Code   RO         6910    .text.GUI__GetOverlap  STemWin_CM4_wc16.a(GUI_CharLine.o)
    0x080024a4   0x080024a4   0x0000003a   Code   RO         6984    .text.GUI__IntersectRect  STemWin_CM4_wc16.a(GUI__Private.o)
    0x080024de   0x080024de   0x00000056   Code   RO         6985    .text.GUI__IntersectRects  STemWin_CM4_wc16.a(GUI__Private.o)
    0x08002534   0x08002534   0x00000010   Code   RO         7314    .text.GUI__ManageCache  STemWin_CM4_wc16.a(GUI__ManageCache.o)
    0x08002544   0x08002544   0x000000dc   Code   RO         7313    .text.GUI__ManageCacheEx  STemWin_CM4_wc16.a(GUI__ManageCache.o)
    0x08002620   0x08002620   0x00000028   Code   RO         6651    .text.GUI__RegisterExit  STemWin_CM4_wc16.a(GUI_Core.o)
    0x08002648   0x08002648   0x00000064   Code   RO         6988    .text.GUI__memset16  STemWin_CM4_wc16.a(GUI__Private.o)
    0x080026ac   0x080026ac   0x0000001c   Code   RO         7031    .text.LCD_Color2Index  STemWin_CM4_wc16.a(LCD.o)
    0x080026c8   0x080026c8   0x00000224   Code   RO         7028    .text.LCD_DrawBitmap  STemWin_CM4_wc16.a(LCD.o)
    0x080028ec   0x080028ec   0x00000050   Code   RO         7024    .text.LCD_DrawHLine  STemWin_CM4_wc16.a(LCD.o)
    0x0800293c   0x0800293c   0x00000060   Code   RO         7023    .text.LCD_DrawPixel  STemWin_CM4_wc16.a(LCD.o)
    0x0800299c   0x0800299c   0x00000058   Code   RO         7026    .text.LCD_FillRect  STemWin_CM4_wc16.a(LCD.o)
    0x080029f4   0x080029f4   0x00000006   Code   RO         6707    .text.LCD_GetBitsPerPixelEx  STemWin_CM4_wc16.a(LCD_GetEx.o)
    0x080029fa   0x080029fa   0x00000002   PAD
    0x080029fc   0x080029fc   0x00000010   Code   RO         7056    .text.LCD_GetBkColorIndex  STemWin_CM4_wc16.a(LCD_GetColorIndex.o)
    0x08002a0c   0x08002a0c   0x00000010   Code   RO         7057    .text.LCD_GetColorIndex  STemWin_CM4_wc16.a(LCD_GetColorIndex.o)
    0x08002a1c   0x08002a1c   0x00000010   Code   RO         6719    .text.LCD_GetNumColors  STemWin_CM4_wc16.a(LCD_GetEx.o)
    0x08002a2c   0x08002a2c   0x00000006   Code   RO         6708    .text.LCD_GetNumColorsEx  STemWin_CM4_wc16.a(LCD_GetEx.o)
    0x08002a32   0x08002a32   0x0000001e   Code   RO         7335    .text.LCD_GetNumLayers  STemWin_CM4_wc16.a(LCD_GetNumDisplays.o)
    0x08002a50   0x08002a50   0x00000010   Code   RO         6728    .text.LCD_GetPalette  STemWin_CM4_wc16.a(LCD_GetEx.o)
    0x08002a60   0x08002a60   0x00000016   Code   RO         6727    .text.LCD_GetPaletteEx  STemWin_CM4_wc16.a(LCD_GetEx.o)
    0x08002a76   0x08002a76   0x00000002   PAD
    0x08002a78   0x08002a78   0x0000000c   Code   RO         6739    .text.LCD_GetXSizeDisplay  STemWin_CM4_wc16.a(LCD_GetEx.o)
    0x08002a84   0x08002a84   0x00000006   Code   RO         6733    .text.LCD_GetXSizeMax  STemWin_CM4_wc16.a(LCD_GetEx.o)
    0x08002a8a   0x08002a8a   0x00000002   PAD
    0x08002a8c   0x08002a8c   0x0000000c   Code   RO         6740    .text.LCD_GetYSizeDisplay  STemWin_CM4_wc16.a(LCD_GetEx.o)
    0x08002a98   0x08002a98   0x00000006   Code   RO         6734    .text.LCD_GetYSizeMax  STemWin_CM4_wc16.a(LCD_GetEx.o)
    0x08002a9e   0x08002a9e   0x00000004   Code   RO         7049    .text.LCD_GetpPalConvTableBM  STemWin_CM4_wc16.a(LCD_Color.o)
    0x08002aa2   0x08002aa2   0x00000002   PAD
    0x08002aa4   0x08002aa4   0x0000006c   Code   RO         7047    .text.LCD_GetpPalConvTableUncached  STemWin_CM4_wc16.a(LCD_Color.o)
    0x08002b10   0x08002b10   0x0000001c   Code   RO         7032    .text.LCD_Index2Color  STemWin_CM4_wc16.a(LCD.o)
    0x08002b2c   0x08002b2c   0x00000028   Code   RO         6477    .text.LCD_Index2Color_M565  STemWin_CM4_wc16.a(GUICC_M565.o)
    0x08002b54   0x08002b54   0x0000003c   Code   RO         7046    .text.LCD_InitColors  STemWin_CM4_wc16.a(LCD_Color.o)
    0x08002b90   0x08002b90   0x00000088   Code   RO         7050    .text.LCD_InitLUT   STemWin_CM4_wc16.a(LCD_Color.o)
    0x08002c18   0x08002c18   0x00000040   Code   RO         7093    .text.LCD_SelectLCD  STemWin_CM4_wc16.a(LCD_SelectLCD.o)
    0x08002c58   0x08002c58   0x0000000c   Code   RO         7037    .text.LCD_SetBkColor  STemWin_CM4_wc16.a(LCD.o)
    0x08002c64   0x08002c64   0x00000018   Code   RO         7035    .text.LCD_SetBkColorIndex  STemWin_CM4_wc16.a(LCD.o)
    0x08002c7c   0x08002c7c   0x00000030   Code   RO         7343    .text.LCD_SetClipRectEx  STemWin_CM4_wc16.a(LCD_SetClipRectEx.o)
    0x08002cac   0x08002cac   0x0000001c   Code   RO         7029    .text.LCD_SetClipRectMax  STemWin_CM4_wc16.a(LCD.o)
    0x08002cc8   0x08002cc8   0x0000000c   Code   RO         7038    .text.LCD_SetColor  STemWin_CM4_wc16.a(LCD.o)
    0x08002cd4   0x08002cd4   0x00000018   Code   RO         7033    .text.LCD_SetColorIndex  STemWin_CM4_wc16.a(LCD.o)
    0x08002cec   0x08002cec   0x0000000c   Code   RO         6738    .text.LCD_SetDisplaySize  STemWin_CM4_wc16.a(LCD_GetEx.o)
    0x08002cf8   0x08002cf8   0x0000000c   Code   RO         7022    .text.LCD_SetDrawMode  STemWin_CM4_wc16.a(LCD.o)
    0x08002d04   0x08002d04   0x00000030   Code   RO         6756    .text.LCD_SetLUTEntryEx  STemWin_CM4_wc16.a(LCD_Set.o)
    0x08002d34   0x08002d34   0x00000030   Code   RO         6758    .text.LCD_SetSizeEx  STemWin_CM4_wc16.a(LCD_Set.o)
    0x08002d64   0x08002d64   0x00000030   Code   RO         6761    .text.LCD_SetVSizeEx  STemWin_CM4_wc16.a(LCD_Set.o)
    0x08002d94   0x08002d94   0x00000024   Code   RO         7097    .text.LCD_UpdateColorIndices  STemWin_CM4_wc16.a(LCD_UpdateColorIndices.o)
    0x08002db8   0x08002db8   0x000001d8   Code   RO         7027    .text.LCD__DrawBitmap_1bpp  STemWin_CM4_wc16.a(LCD.o)
    0x08002f90   0x08002f90   0x0000007e   Code   RO         6741    .text.LCD__GetBPP   STemWin_CM4_wc16.a(LCD_GetEx.o)
    0x0800300e   0x0800300e   0x0000002c   Code   RO         6742    .text.LCD__GetBPPDevice  STemWin_CM4_wc16.a(LCD_GetEx.o)
    0x0800303a   0x0800303a   0x00000002   PAD
    0x0800303c   0x0800303c   0x00000010   Code   RO         7160    .text.WM_Activate   STemWin_CM4_wc16.a(WM.o)
    0x0800304c   0x0800304c   0x00000086   Code   RO         7204    .text.WM_BringToBottom  STemWin_CM4_wc16.a(WM_Lib.o)
    0x080030d2   0x080030d2   0x00000002   PAD
    0x080030d4   0x080030d4   0x00000160   Code   RO         7146    .text.WM_CreateWindowAsChild  STemWin_CM4_wc16.a(WM.o)
    0x08003234   0x08003234   0x00000048   Code   RO         7162    .text.WM_DefaultProc  STemWin_CM4_wc16.a(WM.o)
    0x0800327c   0x0800327c   0x00000018   Code   RO         7182    .text.WM_GetDesktopWindow  STemWin_CM4_wc16.a(WM_Lib.o)
    0x08003294   0x08003294   0x00000010   Code   RO         7189    .text.WM_GetFirstChild  STemWin_CM4_wc16.a(WM_Lib.o)
    0x080032a4   0x080032a4   0x00000010   Code   RO         7203    .text.WM_GetParent  STemWin_CM4_wc16.a(WM_Lib.o)
    0x080032b4   0x080032b4   0x000000f0   Code   RO         7164    .text.WM_Init       STemWin_CM4_wc16.a(WM.o)
    0x080033a4   0x080033a4   0x00000078   Code   RO         7142    .text.WM_InvalidateRect  STemWin_CM4_wc16.a(WM.o)
    0x0800341c   0x0800341c   0x00000006   Code   RO         7143    .text.WM_InvalidateWindow  STemWin_CM4_wc16.a(WM.o)
    0x08003422   0x08003422   0x00000064   Code   RO         7137    .text.WM_InvalidateWindowAndDescsEx  STemWin_CM4_wc16.a(WM.o)
    0x08003486   0x08003486   0x00000002   PAD
    0x08003488   0x08003488   0x00000040   Code   RO         7145    .text.WM_SelectWindow  STemWin_CM4_wc16.a(WM.o)
    0x080034c8   0x080034c8   0x0000001c   Code   RO         7226    .text.WM_SendToParent  STemWin_CM4_wc16.a(WM_Lib.o)
    0x080034e4   0x080034e4   0x00000048   Code   RO         7127    .text.WM__ActivateClipRect  STemWin_CM4_wc16.a(WM.o)
    0x0800352c   0x0800352c   0x00000010   Code   RO         7427    .text.WM__AddCriticalHandle  STemWin_CM4_wc16.a(WM__Private.o)
    0x0800353c   0x0800353c   0x00000010   Code   RO         7125    .text.WM__Client2Screen  STemWin_CM4_wc16.a(WM.o)
    0x0800354c   0x0800354c   0x00000058   Code   RO         7122    .text.WM__ClipAtParentBorders  STemWin_CM4_wc16.a(WM.o)
    0x080035a4   0x080035a4   0x00000022   Code   RO         7429    .text.WM__GetClientRectEx  STemWin_CM4_wc16.a(WM__Private.o)
    0x080035c6   0x080035c6   0x00000018   Code   RO         7133    .text.WM__GetClientRectWin  STemWin_CM4_wc16.a(WM.o)
    0x080035de   0x080035de   0x00000012   Code   RO         7411    .text.WM__GetFirstSibling  STemWin_CM4_wc16.a(WM__Private.o)
    0x080035f0   0x080035f0   0x00000184   Code   RO         7151    .text.WM__GetNextIVR  STemWin_CM4_wc16.a(WM.o)
    0x08003774   0x08003774   0x00000026   Code   RO         7415    .text.WM__GetPrevSibling  STemWin_CM4_wc16.a(WM__Private.o)
    0x0800379a   0x0800379a   0x00000002   PAD
    0x0800379c   0x0800379c   0x00000028   Code   RO         7134    .text.WM__GetTopLevelLayer  STemWin_CM4_wc16.a(WM.o)
    0x080037c4   0x080037c4   0x00000100   Code   RO         7152    .text.WM__InitIVRSearch  STemWin_CM4_wc16.a(WM.o)
    0x080038c4   0x080038c4   0x000000ac   Code   RO         7123    .text.WM__InsertWindowIntoList  STemWin_CM4_wc16.a(WM.o)
    0x08003970   0x08003970   0x00000006   Code   RO         7136    .text.WM__Invalidate1Abs  STemWin_CM4_wc16.a(WM.o)
    0x08003976   0x08003976   0x00000002   PAD
    0x08003978   0x08003978   0x00000050   Code   RO         7129    .text.WM__InvalidateDrawAndDescs  STemWin_CM4_wc16.a(WM.o)
    0x080039c8   0x080039c8   0x00000076   Code   RO         7138    .text.WM__InvalidateRect  STemWin_CM4_wc16.a(WM.o)
    0x08003a3e   0x08003a3e   0x00000006   Code   RO         7140    .text.WM__InvalidateRectEx  STemWin_CM4_wc16.a(WM.o)
    0x08003a44   0x08003a44   0x00000022   Code   RO         7130    .text.WM__RectIsNZ  STemWin_CM4_wc16.a(WM.o)
    0x08003a66   0x08003a66   0x00000014   Code   RO         7144    .text.WM__SelectTopLevelLayer  STemWin_CM4_wc16.a(WM.o)
    0x08003a7a   0x08003a7a   0x00000002   PAD
    0x08003a7c   0x08003a7c   0x0000003c   Code   RO         7423    .text.WM__SendMessage  STemWin_CM4_wc16.a(WM__Private.o)
    0x08003ab8   0x08003ab8   0x00000016   Code   RO         7132    .text.WM__SendMsgNoData  STemWin_CM4_wc16.a(WM.o)
    0x08003ace   0x08003ace   0x00000002   PAD
    0x08003ad0   0x08003ad0   0x000000a4   Code   RO         6489    .text._AddFreeMemory  STemWin_CM4_wc16.a(GUI_Alloc.o)
    0x08003b74   0x08003b74   0x000000f0   Code   RO         6515    .text._Alloc        STemWin_CM4_wc16.a(GUI_Alloc.o)
    0x08003c64   0x08003c64   0x00000018   Code   RO         6694    .text._CalcSizeOfChar  STemWin_CM4_wc16.a(GUI_UC_EncodeUTF8.o)
    0x08003c7c   0x08003c7c   0x00000004   Code   RO         6959    .text._CalcSizeOfChar  STemWin_CM4_wc16.a(GUI_UC_EncodeNone.o)
    0x08003c80   0x08003c80   0x0000005c   Code   RO         6480    .text._Color2IndexBulk  STemWin_CM4_wc16.a(GUICC_M565.o)
    0x08003cdc   0x08003cdc   0x00000052   Code   RO         7253    .text._Color2Index_0  STemWin_CM4_wc16.a(GUICC_0.o)
    0x08003d2e   0x08003d2e   0x00000002   PAD
    0x08003d30   0x08003d30   0x00000028   Code   RO         6478    .text._Color2Index_M565  STemWin_CM4_wc16.a(GUICC_M565.o)
    0x08003d58   0x08003d58   0x0000003e   Code   RO         7107    .text._Convert16    STemWin_CM4_wc16.a(GUIDEV_WriteToActiveOpaque.o)
    0x08003d96   0x08003d96   0x00000042   Code   RO         7108    .text._Convert8     STemWin_CM4_wc16.a(GUIDEV_WriteToActiveOpaque.o)
    0x08003dd8   0x08003dd8   0x0000009c   Code   RO         6908    .text._DispLine     STemWin_CM4_wc16.a(GUI_CharLine.o)
    0x08003e74   0x08003e74   0x0000000e   Code   RO         6791    .text._DrawBitmap   STemWin_CM4_wc16.a(GUIDRV_FlexColor.o)
    0x08003e82   0x08003e82   0x00000002   PAD
    0x08003e84   0x08003e84   0x00000534   Code   RO         6845    .text._DrawBitmap   STemWin_CM4_wc16.a(GUIDRV_FlexColor_16bpp_C0B16.o)
    0x080043b8   0x080043b8   0x00000740   Code   RO         6891    .text._DrawBitmap   STemWin_CM4_wc16.a(GUIDEV_16.o)
    0x08004af8   0x08004af8   0x00000010   Code   RO         6788    .text._DrawHLine    STemWin_CM4_wc16.a(GUIDRV_FlexColor.o)
    0x08004b08   0x08004b08   0x0000000e   Code   RO         6890    .text._DrawHLine    STemWin_CM4_wc16.a(GUIDEV_16.o)
    0x08004b16   0x08004b16   0x00000012   Code   RO         6789    .text._DrawVLine    STemWin_CM4_wc16.a(GUIDRV_FlexColor.o)
    0x08004b28   0x08004b28   0x000000bc   Code   RO         6888    .text._DrawVLine    STemWin_CM4_wc16.a(GUIDEV_16.o)
    0x08004be4   0x08004be4   0x0000004c   Code   RO         6695    .text._Encode       STemWin_CM4_wc16.a(GUI_UC_EncodeUTF8.o)
    0x08004c30   0x08004c30   0x00000006   Code   RO         6960    .text._Encode       STemWin_CM4_wc16.a(GUI_UC_EncodeNone.o)
    0x08004c36   0x08004c36   0x00000002   PAD
    0x08004c38   0x08004c38   0x0000009c   Code   RO         6510    .text._EnlargeBlocks  STemWin_CM4_wc16.a(GUI_Alloc.o)
    0x08004cd4   0x08004cd4   0x00000010   Code   RO         6790    .text._FillRect     STemWin_CM4_wc16.a(GUIDRV_FlexColor.o)
    0x08004ce4   0x08004ce4   0x000000f0   Code   RO         6844    .text._FillRect     STemWin_CM4_wc16.a(GUIDRV_FlexColor_16bpp_C0B16.o)
    0x08004dd4   0x08004dd4   0x000000b4   Code   RO         6889    .text._FillRect     STemWin_CM4_wc16.a(GUIDEV_16.o)
    0x08004e88   0x08004e88   0x00000086   Code   RO         7116    .text._Findx0       STemWin_CM4_wc16.a(WM.o)
    0x08004f0e   0x08004f0e   0x00000072   Code   RO         7117    .text._Findx1       STemWin_CM4_wc16.a(WM.o)
    0x08004f80   0x08004f80   0x000000a6   Code   RO         7115    .text._Findy1       STemWin_CM4_wc16.a(WM.o)
    0x08005026   0x08005026   0x00000040   Code   RO         6692    .text._GetCharCode  STemWin_CM4_wc16.a(GUI_UC_EncodeUTF8.o)
    0x08005066   0x08005066   0x00000004   Code   RO         6957    .text._GetCharCode  STemWin_CM4_wc16.a(GUI_UC_EncodeNone.o)
    0x0800506a   0x0800506a   0x00000024   Code   RO         6693    .text._GetCharSize  STemWin_CM4_wc16.a(GUI_UC_EncodeUTF8.o)
    0x0800508e   0x0800508e   0x00000004   Code   RO         6958    .text._GetCharSize  STemWin_CM4_wc16.a(GUI_UC_EncodeNone.o)
    0x08005092   0x08005092   0x0000000c   Code   RO         6800    .text._GetDevData   STemWin_CM4_wc16.a(GUIDRV_FlexColor.o)
    0x0800509e   0x0800509e   0x00000002   PAD
    0x080050a0   0x080050a0   0x00000010   Code   RO         6880    .text._GetDevData   STemWin_CM4_wc16.a(GUIDEV_16.o)
    0x080050b0   0x080050b0   0x0000007c   Code   RO         6798    .text._GetDevFunc   STemWin_CM4_wc16.a(GUIDRV_FlexColor.o)
    0x0800512c   0x0800512c   0x00000010   Code   RO         6881    .text._GetDevFunc   STemWin_CM4_wc16.a(GUIDEV_16.o)
    0x0800513c   0x0800513c   0x0000004a   Code   RO         6831    .text._GetDevFunc_Init  STemWin_CM4_wc16.a(GUIDRV_FlexColor.o)
    0x08005186   0x08005186   0x00000016   Code   RO         6834    .text._GetDevFunc_Off  STemWin_CM4_wc16.a(GUIDRV_FlexColor.o)
    0x0800519c   0x0800519c   0x00000016   Code   RO         6835    .text._GetDevFunc_On  STemWin_CM4_wc16.a(GUIDRV_FlexColor.o)
    0x080051b2   0x080051b2   0x00000002   Code   RO         6792    .text._GetDevFunc_SetRect  STemWin_CM4_wc16.a(GUIDRV_FlexColor.o)
    0x080051b4   0x080051b4   0x00000040   Code   RO         6793    .text._GetDevFunc_SetRectOutside  STemWin_CM4_wc16.a(GUIDRV_FlexColor.o)
    0x080051f4   0x080051f4   0x00000014   Code   RO         6832    .text._GetDevFunc_SetSize  STemWin_CM4_wc16.a(GUIDRV_FlexColor.o)
    0x08005208   0x08005208   0x00000014   Code   RO         6833    .text._GetDevFunc_SetVSize  STemWin_CM4_wc16.a(GUIDRV_FlexColor.o)
    0x0800521c   0x0800521c   0x0000001e   Code   RO         6701    .text._GetDevProp   STemWin_CM4_wc16.a(LCD_GetEx.o)
    0x0800523a   0x0800523a   0x0000005a   Code   RO         6799    .text._GetDevProp   STemWin_CM4_wc16.a(GUIDRV_FlexColor.o)
    0x08005294   0x08005294   0x00000018   Code   RO         6892    .text._GetDevProp   STemWin_CM4_wc16.a(GUIDEV_16.o)
    0x080052ac   0x080052ac   0x00000052   Code   RO         7251    .text._GetIndexMask_0  STemWin_CM4_wc16.a(GUICC_0.o)
    0x080052fe   0x080052fe   0x00000006   Code   RO         6479    .text._GetIndexMask_M565  STemWin_CM4_wc16.a(GUICC_M565.o)
    0x08005304   0x08005304   0x00000022   Code   RO         6702    .text._GetMaxValue  STemWin_CM4_wc16.a(LCD_GetEx.o)
    0x08005326   0x08005326   0x00000008   Code   RO         6786    .text._GetPixelIndex  STemWin_CM4_wc16.a(GUIDRV_FlexColor.o)
    0x0800532e   0x0800532e   0x0000000e   Code   RO         6885    .text._GetPixelIndex  STemWin_CM4_wc16.a(GUIDEV_16.o)
    0x0800533c   0x0800533c   0x00000016   Code   RO         6801    .text._GetRect      STemWin_CM4_wc16.a(GUIDRV_FlexColor.o)
    0x08005352   0x08005352   0x00000036   Code   RO         6883    .text._GetRect      STemWin_CM4_wc16.a(GUIDEV_16.o)
    0x08005388   0x08005388   0x00000064   Code   RO         6481    .text._Index2ColorBulk  STemWin_CM4_wc16.a(GUICC_M565.o)
    0x080053ec   0x080053ec   0x0000001e   Code   RO         7252    .text._Index2Color_0  STemWin_CM4_wc16.a(GUICC_0.o)
    0x0800540a   0x0800540a   0x00000002   PAD
    0x0800540c   0x0800540c   0x00000084   Code   RO         6636    .text._InitContext  STemWin_CM4_wc16.a(GUI_Core.o)
    0x08005490   0x08005490   0x00000068   Code   RO         6511    .text._InitOnce     STemWin_CM4_wc16.a(GUI_Alloc.o)
    0x080054f8   0x080054f8   0x000000a0   Code   RO         7135    .text._Invalidate1Abs  STemWin_CM4_wc16.a(WM.o)
    0x08005598   0x08005598   0x00000004   Code   RO         6806    .text._Log2PhysX_X0Y0S0  STemWin_CM4_wc16.a(GUIDRV_FlexColor.o)
    0x0800559c   0x0800559c   0x00000004   Code   RO         6808    .text._Log2PhysX_X0Y0S1  STemWin_CM4_wc16.a(GUIDRV_FlexColor.o)
    0x080055a0   0x080055a0   0x00000004   Code   RO         6807    .text._Log2PhysX_X0Y1S0  STemWin_CM4_wc16.a(GUIDRV_FlexColor.o)
    0x080055a4   0x080055a4   0x00000004   Code   RO         6809    .text._Log2PhysX_X0Y1S1  STemWin_CM4_wc16.a(GUIDRV_FlexColor.o)
    0x080055a8   0x080055a8   0x00000008   Code   RO         6812    .text._Log2PhysX_X1Y0S0  STemWin_CM4_wc16.a(GUIDRV_FlexColor.o)
    0x080055b0   0x080055b0   0x00000008   Code   RO         6814    .text._Log2PhysX_X1Y0S1  STemWin_CM4_wc16.a(GUIDRV_FlexColor.o)
    0x080055b8   0x080055b8   0x00000008   Code   RO         6813    .text._Log2PhysX_X1Y1S0  STemWin_CM4_wc16.a(GUIDRV_FlexColor.o)
    0x080055c0   0x080055c0   0x00000008   Code   RO         6815    .text._Log2PhysX_X1Y1S1  STemWin_CM4_wc16.a(GUIDRV_FlexColor.o)
    0x080055c8   0x080055c8   0x00000004   Code   RO         6810    .text._Log2PhysY_X0Y0S0  STemWin_CM4_wc16.a(GUIDRV_FlexColor.o)
    0x080055cc   0x080055cc   0x00000004   Code   RO         6805    .text._Log2PhysY_X0Y0S1  STemWin_CM4_wc16.a(GUIDRV_FlexColor.o)
    0x080055d0   0x080055d0   0x00000008   Code   RO         6811    .text._Log2PhysY_X0Y1S0  STemWin_CM4_wc16.a(GUIDRV_FlexColor.o)
    0x080055d8   0x080055d8   0x00000008   Code   RO         6816    .text._Log2PhysY_X0Y1S1  STemWin_CM4_wc16.a(GUIDRV_FlexColor.o)
    0x080055e0   0x080055e0   0x00000004   Code   RO         6781    .text._Log2PhysY_X1Y0S0  STemWin_CM4_wc16.a(GUIDRV_FlexColor.o)
    0x080055e4   0x080055e4   0x00000004   Code   RO         6783    .text._Log2PhysY_X1Y0S1  STemWin_CM4_wc16.a(GUIDRV_FlexColor.o)
    0x080055e8   0x080055e8   0x00000008   Code   RO         6782    .text._Log2PhysY_X1Y1S0  STemWin_CM4_wc16.a(GUIDRV_FlexColor.o)
    0x080055f0   0x080055f0   0x00000008   Code   RO         6784    .text._Log2PhysY_X1Y1S1  STemWin_CM4_wc16.a(GUIDRV_FlexColor.o)
    0x080055f8   0x080055f8   0x00000002   Code   RO         6907    .text._Log2VisBuffered  STemWin_CM4_wc16.a(GUI_CharLine.o)
    0x080055fa   0x080055fa   0x00000002   PAD
    0x080055fc   0x080055fc   0x00000048   Code   RO         6637    .text._OnExit       STemWin_CM4_wc16.a(GUI_Core.o)
    0x08005644   0x08005644   0x0000001c   Code   RO         7044    .text._OnExit       STemWin_CM4_wc16.a(LCD_Color.o)
    0x08005660   0x08005660   0x0000009c   Code   RO         7113    .text._OnExit       STemWin_CM4_wc16.a(WM.o)
    0x080056fc   0x080056fc   0x00000024   Code   RO         6487    .text._PushFreeBlock  STemWin_CM4_wc16.a(GUI_Alloc.o)
    0x08005720   0x08005720   0x0000000a   Code   RO         6842    .text._ReadData     STemWin_CM4_wc16.a(GUIDRV_FlexColor_16bpp_C0B16.o)
    0x0800572a   0x0800572a   0x0000000a   Code   RO         6794    .text._ReadPixelCust_16bpp  STemWin_CM4_wc16.a(GUIDRV_FlexColor.o)
    0x08005734   0x08005734   0x0000000a   Code   RO         6795    .text._ReadPixelCust_18bpp  STemWin_CM4_wc16.a(GUIDRV_FlexColor.o)
    0x0800573e   0x0800573e   0x0000003c   Code   RO         6855    .text._ReadPixel_16bpp_B16_I  STemWin_CM4_wc16.a(GUIDRV_FlexColor_Func66720.o)
    0x0800577a   0x0800577a   0x00000038   Code   RO         6853    .text._ReadPixel_16bpp_B8  STemWin_CM4_wc16.a(GUIDRV_FlexColor_Func66720.o)
    0x080057b2   0x080057b2   0x00000032   Code   RO         6854    .text._ReadPixel_32bpp_B8  STemWin_CM4_wc16.a(GUIDRV_FlexColor_Func66720.o)
    0x080057e4   0x080057e4   0x0000003a   Code   RO         6796    .text._ReadRectCust_16bpp  STemWin_CM4_wc16.a(GUIDRV_FlexColor.o)
    0x0800581e   0x0800581e   0x0000003a   Code   RO         6797    .text._ReadRectCust_18bpp  STemWin_CM4_wc16.a(GUIDRV_FlexColor.o)
    0x08005858   0x08005858   0x00000062   Code   RO         6865    .text._ReadRect_16bpp_B16_I  STemWin_CM4_wc16.a(GUIDRV_FlexColor_Func66720.o)
    0x080058ba   0x080058ba   0x00000060   Code   RO         6864    .text._ReadRect_16bpp_B8  STemWin_CM4_wc16.a(GUIDRV_FlexColor_Func66720.o)
    0x0800591a   0x0800591a   0x0000005c   Code   RO         6863    .text._ReadRect_32bpp_B8  STemWin_CM4_wc16.a(GUIDRV_FlexColor_Func66720.o)
    0x08005976   0x08005976   0x00000002   PAD
    0x08005978   0x08005978   0x00000040   Code   RO         6488    .text._RemoveFreeBlock  STemWin_CM4_wc16.a(GUI_Alloc.o)
    0x080059b8   0x080059b8   0x0000009c   Code   RO         6490    .text._RemoveHoles  STemWin_CM4_wc16.a(GUI_Alloc.o)
    0x08005a54   0x08005a54   0x00000020   Code   RO         7036    .text._SetBkColor   STemWin_CM4_wc16.a(LCD.o)
    0x08005a74   0x08005a74   0x00000050   Code   RO         7126    .text._SetClipRectUserIntersect  STemWin_CM4_wc16.a(WM.o)
    0x08005ac4   0x08005ac4   0x00000020   Code   RO         7034    .text._SetColor     STemWin_CM4_wc16.a(LCD.o)
    0x08005ae4   0x08005ae4   0x0000009c   Code   RO         6830    .text._SetDevFunc   STemWin_CM4_wc16.a(GUIDRV_FlexColor.o)
    0x08005b80   0x08005b80   0x00000028   Code   RO         7021    .text._SetDrawMode  STemWin_CM4_wc16.a(LCD.o)
    0x08005ba8   0x08005ba8   0x00000034   Code   RO         6862    .text._SetInterface  STemWin_CM4_wc16.a(GUIDRV_FlexColor_Func66720.o)
    0x08005bdc   0x08005bdc   0x00000016   Code   RO         6804    .text._SetOrg       STemWin_CM4_wc16.a(GUIDRV_FlexColor.o)
    0x08005bf2   0x08005bf2   0x0000000c   Code   RO         6882    .text._SetOrg       STemWin_CM4_wc16.a(GUIDEV_16.o)
    0x08005bfe   0x08005bfe   0x00000002   PAD
    0x08005c00   0x08005c00   0x00000040   Code   RO         6852    .text._SetOrientation  STemWin_CM4_wc16.a(GUIDRV_FlexColor_Func66720.o)
    0x08005c40   0x08005c40   0x000000c4   Code   RO         6850    .text._SetPhysRAMAddr  STemWin_CM4_wc16.a(GUIDRV_FlexColor_Func66720.o)
    0x08005d04   0x08005d04   0x00000010   Code   RO         6785    .text._SetPixelIndex  STemWin_CM4_wc16.a(GUIDRV_FlexColor.o)
    0x08005d14   0x08005d14   0x0000004c   Code   RO         6887    .text._SetPixelIndex  STemWin_CM4_wc16.a(GUIDEV_16.o)
    0x08005d60   0x08005d60   0x00000132   Code   RO         6851    .text._SetRect      STemWin_CM4_wc16.a(GUIDRV_FlexColor_Func66720.o)
    0x08005e92   0x08005e92   0x00000008   Code   RO         6859    .text._SetReg_B16   STemWin_CM4_wc16.a(GUIDRV_FlexColor_Func66720.o)
    0x08005e9a   0x08005e9a   0x0000001a   Code   RO         6858    .text._SetReg_B8    STemWin_CM4_wc16.a(GUIDRV_FlexColor_Func66720.o)
    0x08005eb4   0x08005eb4   0x00000008   Code   RO         6843    .text._WriteData    STemWin_CM4_wc16.a(GUIDRV_FlexColor_16bpp_C0B16.o)
    0x08005ebc   0x08005ebc   0x00000008   Code   RO         6861    .text._WritePara_B16  STemWin_CM4_wc16.a(GUIDRV_FlexColor_Func66720.o)
    0x08005ec4   0x08005ec4   0x00000008   Code   RO         6860    .text._WritePara_B8  STemWin_CM4_wc16.a(GUIDRV_FlexColor_Func66720.o)
    0x08005ecc   0x08005ecc   0x00000040   Code   RO         6884    .text._XY2PTR       STemWin_CM4_wc16.a(GUIDEV_16.o)
    0x08005f0c   0x08005f0c   0x00000024   Code   RO         6787    .text._XorPixel     STemWin_CM4_wc16.a(GUIDRV_FlexColor.o)
    0x08005f30   0x08005f30   0x00000058   Code   RO         6886    .text._XorPixel     STemWin_CM4_wc16.a(GUIDEV_16.o)
    0x08005f88   0x08005f88   0x00000068   Code   RO         7163    .text._cbBackWin    STemWin_CM4_wc16.a(WM.o)
    0x08005ff0   0x08005ff0   0x000000a4   Code   RO         7030    .text.emWin_LCD_Init  STemWin_CM4_wc16.a(LCD.o)
    0x08006094   0x08006094   0x0000000a   Code   RO         5001    i.$Sub$$main        components.o
    0x0800609e   0x0800609e   0x00000002   PAD
    0x080060a0   0x080060a0   0x000000a4   Code   RO         4262    i.BspInit           bsp.o
    0x08006144   0x08006144   0x00000004   Code   RO          616    i.BusFault_Handler  stm32f4xx_it.o
    0x08006148   0x08006148   0x00000018   Code   RO         3546    i.CameraSetWindow   lcd_ssd1963.o
    0x08006160   0x08006160   0x00000020   Code   RO         3718    i.ConfigSclOut      simulate_i2c.o
    0x08006180   0x08006180   0x00000022   Code   RO         3719    i.ConfigSdaIn       simulate_i2c.o
    0x080061a2   0x080061a2   0x00000020   Code   RO         3720    i.ConfigSdaOut      simulate_i2c.o
    0x080061c2   0x080061c2   0x0000001c   Code   RO         1976    i.DCMI_DMAError     stm32f4xx_hal_dcmi.o
    0x080061de   0x080061de   0x00000002   PAD
    0x080061e0   0x080061e0   0x00000028   Code   RO          617    i.DCMI_IRQHandler   stm32f4xx_it.o
    0x08006208   0x08006208   0x0000014c   Code   RO          618    i.DMA1_Stream1_IRQHandler  stm32f4xx_it.o
    0x08006354   0x08006354   0x00000010   Code   RO          619    i.DMA1_Stream3_IRQHandler  stm32f4xx_it.o
    0x08006364   0x08006364   0x00000010   Code   RO          620    i.DMA2_Stream1_IRQHandler  stm32f4xx_it.o
    0x08006374   0x08006374   0x00000034   Code   RO         1298    i.DMA_CalcBaseAndBitshift  stm32f4xx_hal_dma.o
    0x080063a8   0x080063a8   0x000000aa   Code   RO         1299    i.DMA_CheckFifoParam  stm32f4xx_hal_dma.o
    0x08006452   0x08006452   0x0000002c   Code   RO         1300    i.DMA_SetConfig     stm32f4xx_hal_dma.o
    0x0800647e   0x0800647e   0x00000002   PAD
    0x08006480   0x08006480   0x00000030   Code   RO         3813    i.DcmiStop          ov5640.o
    0x080064b0   0x080064b0   0x00000002   Code   RO          621    i.DebugMon_Handler  stm32f4xx_it.o
    0x080064b2   0x080064b2   0x00000002   PAD
    0x080064b4   0x080064b4   0x00000028   Code   RO         4135    i.DelayInit         dwt_delay.o
    0x080064dc   0x080064dc   0x00000012   Code   RO         4136    i.DelayM            dwt_delay.o
    0x080064ee   0x080064ee   0x00000002   PAD
    0x080064f0   0x080064f0   0x0000001c   Code   RO         4138    i.DelayU            dwt_delay.o
    0x0800650c   0x0800650c   0x0000002c   Code   RO         3547    i.DisCircle         lcd_ssd1963.o
    0x08006538   0x08006538   0x00000124   Code   RO         4849    i.DispTNCompany     dis_china_char.o
    0x0800665c   0x0800665c   0x00000006   Code   RO           13    i.Error_Handler     main.o
    0x08006662   0x08006662   0x00000002   PAD
    0x08006664   0x08006664   0x00000048   Code   RO         2150    i.FSMC_NORSRAM_Extended_Timing_Init  stm32f4xx_ll_fsmc.o
    0x080066ac   0x080066ac   0x0000005c   Code   RO         2151    i.FSMC_NORSRAM_Init  stm32f4xx_ll_fsmc.o
    0x08006708   0x08006708   0x00000044   Code   RO         2152    i.FSMC_NORSRAM_Timing_Init  stm32f4xx_ll_fsmc.o
    0x0800674c   0x0800674c   0x00000016   Code   RO         3983    i.FifoGetFreeSize   fifo.o
    0x08006762   0x08006762   0x0000000c   Code   RO         3984    i.FifoGetOccupySize  fifo.o
    0x0800676e   0x0800676e   0x0000001a   Code   RO         3986    i.FifoInit          fifo.o
    0x08006788   0x08006788   0x00000002   Code   RO         4044    i.FifoLock          uart_device.o
    0x0800678a   0x0800678a   0x00000074   Code   RO         3987    i.FifoRead          fifo.o
    0x080067fe   0x080067fe   0x00000002   Code   RO         4045    i.FifoUnlock        uart_device.o
    0x08006800   0x08006800   0x00000074   Code   RO         3989    i.FifoWrite         fifo.o
    0x08006874   0x08006874   0x0000001c   Code   RO         4601    i.GUI_X_Config      guiconf.o
    0x08006890   0x08006890   0x00000002   Code   RO         4910    i.GUI_X_Init        gui_x.o
    0x08006892   0x08006892   0x00000002   PAD
    0x08006894   0x08006894   0x00000050   Code   RO         4191    i.GetKeyLevel       key.o
    0x080068e4   0x080068e4   0x00000088   Code   RO         4563    i.GetTemperature    rs485.o
    0x0800696c   0x0800696c   0x00000020   Code   RO          738    i.HAL_CRC_Init      stm32f4xx_hal_crc.o
    0x0800698c   0x0800698c   0x00000034   Code   RO          298    i.HAL_CRC_MspInit   crc.o
    0x080069c0   0x080069c0   0x00000002   Code   RO         1983    i.HAL_DCMI_ErrorCallback  stm32f4xx_hal_dcmi.o
    0x080069c2   0x080069c2   0x00000002   Code   RO         1984    i.HAL_DCMI_FrameEventCallback  stm32f4xx_hal_dcmi.o
    0x080069c4   0x080069c4   0x000000b0   Code   RO         1987    i.HAL_DCMI_IRQHandler  stm32f4xx_hal_dcmi.o
    0x08006a74   0x08006a74   0x00000092   Code   RO         2118    i.HAL_DCMI_Init     stm32f4xx_hal_dcmi_ex.o
    0x08006b06   0x08006b06   0x00000002   Code   RO         1989    i.HAL_DCMI_LineEventCallback  stm32f4xx_hal_dcmi.o
    0x08006b08   0x08006b08   0x000001bc   Code   RO          340    i.HAL_DCMI_MspInit  dcmi.o
    0x08006cc4   0x08006cc4   0x00000002   Code   RO         1996    i.HAL_DCMI_VsyncEventCallback  stm32f4xx_hal_dcmi.o
    0x08006cc6   0x08006cc6   0x000000aa   Code   RO         1301    i.HAL_DMA_Abort     stm32f4xx_hal_dma.o
    0x08006d70   0x08006d70   0x00000028   Code   RO         1302    i.HAL_DMA_Abort_IT  stm32f4xx_hal_dma.o
    0x08006d98   0x08006d98   0x00000240   Code   RO         1306    i.HAL_DMA_IRQHandler  stm32f4xx_hal_dma.o
    0x08006fd8   0x08006fd8   0x000000ec   Code   RO         1307    i.HAL_DMA_Init      stm32f4xx_hal_dma.o
    0x080070c4   0x080070c4   0x00000092   Code   RO         1311    i.HAL_DMA_Start_IT  stm32f4xx_hal_dma.o
    0x08007156   0x08007156   0x00000002   PAD
    0x08007158   0x08007158   0x000000d0   Code   RO          414    i.HAL_FSMC_MspInit  fsmc.o
    0x08007228   0x08007228   0x00000204   Code   RO         1194    i.HAL_GPIO_Init     stm32f4xx_hal_gpio.o
    0x0800742c   0x0800742c   0x00000010   Code   RO         1196    i.HAL_GPIO_ReadPin  stm32f4xx_hal_gpio.o
    0x0800743c   0x0800743c   0x0000000c   Code   RO         1198    i.HAL_GPIO_WritePin  stm32f4xx_hal_gpio.o
    0x08007448   0x08007448   0x0000000c   Code   RO         1731    i.HAL_GetTick       stm32f4xx_hal.o
    0x08007454   0x08007454   0x00000018   Code   RO         1737    i.HAL_IncTick       stm32f4xx_hal.o
    0x0800746c   0x0800746c   0x0000003c   Code   RO         1738    i.HAL_Init          stm32f4xx_hal.o
    0x080074a8   0x080074a8   0x0000004c   Code   RO         1739    i.HAL_InitTick      stm32f4xx_hal.o
    0x080074f4   0x080074f4   0x00000048   Code   RO          710    i.HAL_MspInit       stm32f4xx_hal_msp.o
    0x0800753c   0x0800753c   0x00000020   Code   RO         1583    i.HAL_NVIC_EnableIRQ  stm32f4xx_hal_cortex.o
    0x0800755c   0x0800755c   0x0000007c   Code   RO         1589    i.HAL_NVIC_SetPriority  stm32f4xx_hal_cortex.o
    0x080075d8   0x080075d8   0x00000028   Code   RO         1590    i.HAL_NVIC_SetPriorityGrouping  stm32f4xx_hal_cortex.o
    0x08007600   0x08007600   0x000001a0   Code   RO          900    i.HAL_RCCEx_PeriphCLKConfig  stm32f4xx_hal_rcc_ex.o
    0x080077a0   0x080077a0   0x00000184   Code   RO          795    i.HAL_RCC_ClockConfig  stm32f4xx_hal_rcc.o
    0x08007924   0x08007924   0x0000000c   Code   RO          800    i.HAL_RCC_GetHCLKFreq  stm32f4xx_hal_rcc.o
    0x08007930   0x08007930   0x00000020   Code   RO          802    i.HAL_RCC_GetPCLK1Freq  stm32f4xx_hal_rcc.o
    0x08007950   0x08007950   0x00000020   Code   RO          803    i.HAL_RCC_GetPCLK2Freq  stm32f4xx_hal_rcc.o
    0x08007970   0x08007970   0x000000b0   Code   RO          804    i.HAL_RCC_GetSysClockFreq  stm32f4xx_hal_rcc.o
    0x08007a20   0x08007a20   0x0000049c   Code   RO          807    i.HAL_RCC_OscConfig  stm32f4xx_hal_rcc.o
    0x08007ebc   0x08007ebc   0x00000012   Code   RO         2557    i.HAL_RTCEx_BKUPRead  stm32f4xx_hal_rtc_ex.o
    0x08007ece   0x08007ece   0x00000012   Code   RO         2558    i.HAL_RTCEx_BKUPWrite  stm32f4xx_hal_rtc_ex.o
    0x08007ee0   0x08007ee0   0x0000004c   Code   RO         2398    i.HAL_RTC_GetDate   stm32f4xx_hal_rtc.o
    0x08007f2c   0x08007f2c   0x00000060   Code   RO         2400    i.HAL_RTC_GetTime   stm32f4xx_hal_rtc.o
    0x08007f8c   0x08007f8c   0x000000d8   Code   RO         2401    i.HAL_RTC_Init      stm32f4xx_hal_rtc.o
    0x08008064   0x08008064   0x00000018   Code   RO          467    i.HAL_RTC_MspInit   rtc.o
    0x0800807c   0x0800807c   0x00000104   Code   RO         2407    i.HAL_RTC_SetDate   stm32f4xx_hal_rtc.o
    0x08008180   0x08008180   0x0000012c   Code   RO         2408    i.HAL_RTC_SetTime   stm32f4xx_hal_rtc.o
    0x080082ac   0x080082ac   0x0000003a   Code   RO         2409    i.HAL_RTC_WaitForSynchro  stm32f4xx_hal_rtc.o
    0x080082e6   0x080082e6   0x000000c8   Code   RO         2795    i.HAL_SPI_Init      stm32f4xx_hal_spi.o
    0x080083ae   0x080083ae   0x00000002   PAD
    0x080083b0   0x080083b0   0x00000138   Code   RO          509    i.HAL_SPI_MspInit   spi.o
    0x080084e8   0x080084e8   0x00000058   Code   RO         2272    i.HAL_SRAM_Init     stm32f4xx_hal_sram.o
    0x08008540   0x08008540   0x0000000a   Code   RO          416    i.HAL_SRAM_MspInit  fsmc.o
    0x0800854a   0x0800854a   0x00000034   Code   RO         1594    i.HAL_SYSTICK_Config  stm32f4xx_hal_cortex.o
    0x0800857e   0x0800857e   0x00000002   Code   RO         3153    i.HAL_UARTEx_RxEventCallback  stm32f4xx_hal_uart.o
    0x08008580   0x08008580   0x00000002   Code   RO         3167    i.HAL_UART_ErrorCallback  stm32f4xx_hal_uart.o
    0x08008582   0x08008582   0x00000002   PAD
    0x08008584   0x08008584   0x00000250   Code   RO         3170    i.HAL_UART_IRQHandler  stm32f4xx_hal_uart.o
    0x080087d4   0x080087d4   0x00000072   Code   RO         3171    i.HAL_UART_Init     stm32f4xx_hal_uart.o
    0x08008846   0x08008846   0x00000002   PAD
    0x08008848   0x08008848   0x00000210   Code   RO          557    i.HAL_UART_MspInit  usart.o
    0x08008a58   0x08008a58   0x00000042   Code   RO         3175    i.HAL_UART_Receive_DMA  stm32f4xx_hal_uart.o
    0x08008a9a   0x08008a9a   0x00000002   Code   RO         3177    i.HAL_UART_RxCpltCallback  stm32f4xx_hal_uart.o
    0x08008a9c   0x08008a9c   0x00000002   Code   RO         3178    i.HAL_UART_RxHalfCpltCallback  stm32f4xx_hal_uart.o
    0x08008a9e   0x08008a9e   0x000000d2   Code   RO         3179    i.HAL_UART_Transmit  stm32f4xx_hal_uart.o
    0x08008b70   0x08008b70   0x00000002   Code   RO         3182    i.HAL_UART_TxCpltCallback  stm32f4xx_hal_uart.o
    0x08008b72   0x08008b72   0x00000072   Code   RO         3721    i.I2cReadByte       simulate_i2c.o
    0x08008be4   0x08008be4   0x00000072   Code   RO         3722    i.I2cWriteByte      simulate_i2c.o
    0x08008c56   0x08008c56   0x00000004   Code   RO         4192    i.KeyDownReadPin    key.o
    0x08008c5a   0x08008c5a   0x00000002   PAD
    0x08008c5c   0x08008c5c   0x00000010   Code   RO         4193    i.KeyEnterReadPin   key.o
    0x08008c6c   0x08008c6c   0x00000010   Code   RO         4194    i.KeyExitReadPin    key.o
    0x08008c7c   0x08008c7c   0x00000010   Code   RO         4196    i.KeyMenuReadPin    key.o
    0x08008c8c   0x08008c8c   0x00000004   Code   RO         4197    i.KeyPowerReadPin   key.o
    0x08008c90   0x08008c90   0x00000154   Code   RO         4198    i.KeyStateMachine   key.o
    0x08008de4   0x08008de4   0x00000004   Code   RO         4199    i.KeyUpReadPin      key.o
    0x08008de8   0x08008de8   0x00000060   Code   RO         3548    i.LCD_SSD_BackLightSet  lcd_ssd1963.o
    0x08008e48   0x08008e48   0x00000088   Code   RO         4786    i.LCD_X_Config      lcdconf_flexcolor_template.o
    0x08008ed0   0x08008ed0   0x00000024   Code   RO         4787    i.LCD_X_DisplayDriver  lcdconf_flexcolor_template.o
    0x08008ef4   0x08008ef4   0x00000014   Code   RO         3550    i.LcdBacklightOn    lcd_ssd1963.o
    0x08008f08   0x08008f08   0x00000010   Code   RO         3554    i.LcdInit           lcd_ssd1963.o
    0x08008f18   0x08008f18   0x0000000c   Code   RO         3555    i.LcdReadData16Bit  lcd_ssd1963.o
    0x08008f24   0x08008f24   0x0000000c   Code   RO         3556    i.LcdReadData8Bit   lcd_ssd1963.o
    0x08008f30   0x08008f30   0x0000001a   Code   RO         4788    i.LcdReadDataMultiple  lcdconf_flexcolor_template.o
    0x08008f4a   0x08008f4a   0x00000002   PAD
    0x08008f4c   0x08008f4c   0x000000c0   Code   RO         3557    i.LcdReadId         lcd_ssd1963.o
    0x0800900c   0x0800900c   0x0000016e   Code   RO         3558    i.LcdRegConfig      lcd_ssd1963.o
    0x0800917a   0x0800917a   0x0000005e   Code   RO         3560    i.LcdSetWindow      lcd_ssd1963.o
    0x080091d8   0x080091d8   0x00000008   Code   RO         3562    i.LcdWriteCmd16Bit  lcd_ssd1963.o
    0x080091e0   0x080091e0   0x00000008   Code   RO         3563    i.LcdWriteCmd8Bit   lcd_ssd1963.o
    0x080091e8   0x080091e8   0x0000000c   Code   RO         4789    i.LcdWriteData      lcdconf_flexcolor_template.o
    0x080091f4   0x080091f4   0x0000000c   Code   RO         3564    i.LcdWriteData16Bit  lcd_ssd1963.o
    0x08009200   0x08009200   0x0000000c   Code   RO         3565    i.LcdWriteData8Bit  lcd_ssd1963.o
    0x0800920c   0x0800920c   0x0000001a   Code   RO         4790    i.LcdWriteDataMultiple  lcdconf_flexcolor_template.o
    0x08009226   0x08009226   0x0000000c   Code   RO         4791    i.LcdWriteReg       lcdconf_flexcolor_template.o
    0x08009232   0x08009232   0x00000002   PAD
    0x08009234   0x08009234   0x00000020   Code   RO          299    i.MX_CRC_Init       crc.o
    0x08009254   0x08009254   0x00000060   Code   RO          341    i.MX_DCMI_Init      dcmi.o
    0x080092b4   0x080092b4   0x00000078   Code   RO          389    i.MX_DMA_Init       dma.o
    0x0800932c   0x0800932c   0x0000012c   Code   RO          417    i.MX_FSMC_Init      fsmc.o
    0x08009458   0x08009458   0x000002a4   Code   RO          273    i.MX_GPIO_Init      gpio.o
    0x080096fc   0x080096fc   0x000000a8   Code   RO          468    i.MX_RTC_Init       rtc.o
    0x080097a4   0x080097a4   0x00000044   Code   RO          510    i.MX_SPI1_Init      spi.o
    0x080097e8   0x080097e8   0x00000044   Code   RO          511    i.MX_SPI2_Init      spi.o
    0x0800982c   0x0800982c   0x00000038   Code   RO          558    i.MX_USART1_UART_Init  usart.o
    0x08009864   0x08009864   0x00000038   Code   RO          559    i.MX_USART2_UART_Init  usart.o
    0x0800989c   0x0800989c   0x00000038   Code   RO          560    i.MX_USART3_UART_Init  usart.o
    0x080098d4   0x080098d4   0x00000004   Code   RO          622    i.MemManage_Handler  stm32f4xx_it.o
    0x080098d8   0x080098d8   0x00000004   Code   RO          623    i.NMI_Handler       stm32f4xx_it.o
    0x080098dc   0x080098dc   0x0000005a   Code   RO         3814    i.OV5640_Brightness  ov5640.o
    0x08009936   0x08009936   0x00000042   Code   RO         3815    i.OV5640_CONFIG     ov5640.o
    0x08009978   0x08009978   0x0000007c   Code   RO         3816    i.OV5640_Color_Saturation  ov5640.o
    0x080099f4   0x080099f4   0x00000078   Code   RO         3817    i.OV5640_Contrast   ov5640.o
    0x08009a6c   0x08009a6c   0x000000c0   Code   RO         3820    i.OV5640_Focus_Constant  ov5640.o
    0x08009b2c   0x08009b2c   0x000000f0   Code   RO         3821    i.OV5640_Focus_Init  ov5640.o
    0x08009c1c   0x08009c1c   0x0000011c   Code   RO         3824    i.OV5640_Init       ov5640.o
    0x08009d38   0x08009d38   0x00000048   Code   RO         3826    i.OV5640_Light_Mode  ov5640.o
    0x08009d80   0x08009d80   0x00000080   Code   RO         3827    i.OV5640_OutSize_Set  ov5640.o
    0x08009e00   0x08009e00   0x00000028   Code   RO         3828    i.OV5640_RGB565_Mode  ov5640.o
    0x08009e28   0x08009e28   0x000000d8   Code   RO         3829    i.OV5640_ReadReg    ov5640.o
    0x08009f00   0x08009f00   0x0000007a   Code   RO         3830    i.OV5640_Sharpness  ov5640.o
    0x08009f7a   0x08009f7a   0x00000002   PAD
    0x08009f7c   0x08009f7c   0x000000cc   Code   RO         3833    i.OV5640_WriteReg   ov5640.o
    0x0800a048   0x0800a048   0x00000028   Code   RO         3834    i.Ov5640DcmiDmaConfig  ov5640.o
    0x0800a070   0x0800a070   0x00000090   Code   RO         3835    i.Ov5640IoInit      ov5640.o
    0x0800a100   0x0800a100   0x00000016   Code   RO         2410    i.RTC_Bcd2ToByte    stm32f4xx_hal_rtc.o
    0x0800a116   0x0800a116   0x0000001a   Code   RO         2411    i.RTC_ByteToBcd2    stm32f4xx_hal_rtc.o
    0x0800a130   0x0800a130   0x0000003e   Code   RO         2412    i.RTC_EnterInitMode  stm32f4xx_hal_rtc.o
    0x0800a16e   0x0800a16e   0x00000010   Code   RO         4850    i.RefreshHumidity   dis_china_char.o
    0x0800a17e   0x0800a17e   0x00000002   PAD
    0x0800a180   0x0800a180   0x00000118   Code   RO         4263    i.RefreshInfo       bsp.o
    0x0800a298   0x0800a298   0x00000012   Code   RO         4852    i.RefreshRTC        dis_china_char.o
    0x0800a2aa   0x0800a2aa   0x00000002   PAD
    0x0800a2ac   0x0800a2ac   0x00000030   Code   RO         4853    i.RefreshTemperature  dis_china_char.o
    0x0800a2dc   0x0800a2dc   0x0000000a   Code   RO         3723    i.SCCB_Delay        simulate_i2c.o
    0x0800a2e6   0x0800a2e6   0x00000002   Code   RO          624    i.SVC_Handler       stm32f4xx_it.o
    0x0800a2e8   0x0800a2e8   0x00000068   Code   RO         4564    i.SendGetTempRequest  rs485.o
    0x0800a350   0x0800a350   0x0000002c   Code   RO         4264    i.SetDate           bsp.o
    0x0800a37c   0x0800a37c   0x00000028   Code   RO         4265    i.SetTime           bsp.o
    0x0800a3a4   0x0800a3a4   0x0000004c   Code   RO         4266    i.SetTimeDate       bsp.o
    0x0800a3f0   0x0800a3f0   0x00000056   Code   RO         3724    i.SimulateI2cGetAck  simulate_i2c.o
    0x0800a446   0x0800a446   0x00000002   PAD
    0x0800a448   0x0800a448   0x00000030   Code   RO         3725    i.SimulateI2cInit   simulate_i2c.o
    0x0800a478   0x0800a478   0x00000058   Code   RO         3726    i.SimulateI2cOutAck  simulate_i2c.o
    0x0800a4d0   0x0800a4d0   0x00000046   Code   RO         3727    i.SimulateI2cStart  simulate_i2c.o
    0x0800a516   0x0800a516   0x00000036   Code   RO         3728    i.SimulateI2cStop   simulate_i2c.o
    0x0800a54c   0x0800a54c   0x00000028   Code   RO          625    i.SysTick_Handler   stm32f4xx_it.o
    0x0800a574   0x0800a574   0x000000d4   Code   RO           14    i.SystemClock_Config  main.o
    0x0800a648   0x0800a648   0x00000014   Code   RO         3510    i.SystemInit        system_stm32f4xx.o
    0x0800a65c   0x0800a65c   0x00000014   Code   RO         3184    i.UART_DMAAbortOnError  stm32f4xx_hal_uart.o
    0x0800a670   0x0800a670   0x00000050   Code   RO         3185    i.UART_DMAError     stm32f4xx_hal_uart.o
    0x0800a6c0   0x0800a6c0   0x00000068   Code   RO         3186    i.UART_DMAReceiveCplt  stm32f4xx_hal_uart.o
    0x0800a728   0x0800a728   0x00000020   Code   RO         3188    i.UART_DMARxHalfCplt  stm32f4xx_hal_uart.o
    0x0800a748   0x0800a748   0x00000036   Code   RO         3194    i.UART_EndRxTransfer  stm32f4xx_hal_uart.o
    0x0800a77e   0x0800a77e   0x00000020   Code   RO         3195    i.UART_EndTransmit_IT  stm32f4xx_hal_uart.o
    0x0800a79e   0x0800a79e   0x00000014   Code   RO         3196    i.UART_EndTxTransfer  stm32f4xx_hal_uart.o
    0x0800a7b2   0x0800a7b2   0x000000be   Code   RO         3197    i.UART_Receive_IT   stm32f4xx_hal_uart.o
    0x0800a870   0x0800a870   0x0000022c   Code   RO         3198    i.UART_SetConfig    stm32f4xx_hal_uart.o
    0x0800aa9c   0x0800aa9c   0x00000098   Code   RO         3199    i.UART_Start_Receive_DMA  stm32f4xx_hal_uart.o
    0x0800ab34   0x0800ab34   0x00000060   Code   RO         3201    i.UART_Transmit_IT  stm32f4xx_hal_uart.o
    0x0800ab94   0x0800ab94   0x0000006c   Code   RO         3202    i.UART_WaitOnFlagUntilTimeout  stm32f4xx_hal_uart.o
    0x0800ac00   0x0800ac00   0x00000038   Code   RO          626    i.USART3_IRQHandler  stm32f4xx_it.o
    0x0800ac38   0x0800ac38   0x00000080   Code   RO         4047    i.Uart1DeviceInit   uart_device.o
    0x0800acb8   0x0800acb8   0x00000010   Code   RO         4048    i.Uart1DmaGetRemainSize  uart_device.o
    0x0800acc8   0x0800acc8   0x00000034   Code   RO         4049    i.Uart1DmaIdleIsr   uart_device.o
    0x0800acfc   0x0800acfc   0x0000006c   Code   RO         4050    i.Uart1DmaRxCpltIsr  uart_device.o
    0x0800ad68   0x0800ad68   0x00000074   Code   RO         4051    i.Uart1DmaRxHalfCpltIsr  uart_device.o
    0x0800addc   0x0800addc   0x00000018   Code   RO         4052    i.Uart1Read         uart_device.o
    0x0800adf4   0x0800adf4   0x00000004   Code   RO          627    i.UsageFault_Handler  stm32f4xx_it.o
    0x0800adf8   0x0800adf8   0x00000020   Code   RO         7932    i.__0printf         mc_w.l(printfa.o)
    0x0800ae18   0x0800ae18   0x00000028   Code   RO         7934    i.__0sprintf        mc_w.l(printfa.o)
    0x0800ae40   0x0800ae40   0x00000010   Code   RO         1596    i.__NVIC_GetPriorityGrouping  stm32f4xx_hal_cortex.o
    0x0800ae50   0x0800ae50   0x00000028   Code   RO         1597    i.__NVIC_SetPriority  stm32f4xx_hal_cortex.o
    0x0800ae78   0x0800ae78   0x0000000e   Code   RO         8059    i.__scatterload_copy  mc_w.l(handlers.o)
    0x0800ae86   0x0800ae86   0x00000002   Code   RO         8060    i.__scatterload_null  mc_w.l(handlers.o)
    0x0800ae88   0x0800ae88   0x0000000e   Code   RO         8061    i.__scatterload_zeroinit  mc_w.l(handlers.o)
    0x0800ae96   0x0800ae96   0x00000002   PAD
    0x0800ae98   0x0800ae98   0x00000184   Code   RO         7939    i._fp_digits        mc_w.l(printfa.o)
    0x0800b01c   0x0800b01c   0x00000028   Code   RO         5989    i._get_highest_priority_thread  scheduler.o
    0x0800b044   0x0800b044   0x000006b4   Code   RO         7940    i._printf_core      mc_w.l(printfa.o)
    0x0800b6f8   0x0800b6f8   0x00000024   Code   RO         7941    i._printf_post_padding  mc_w.l(printfa.o)
    0x0800b71c   0x0800b71c   0x0000002e   Code   RO         7942    i._printf_pre_padding  mc_w.l(printfa.o)
    0x0800b74a   0x0800b74a   0x00000002   PAD
    0x0800b74c   0x0800b74c   0x000000c4   Code   RO         5990    i._rt_scheduler_stack_check  scheduler.o
    0x0800b810   0x0800b810   0x000000d0   Code   RO         6094    i._rt_thread_init   thread.o
    0x0800b8e0   0x0800b8e0   0x00000042   Code   RO         6248    i._rt_timer_init    timer.o
    0x0800b922   0x0800b922   0x0000001c   Code   RO         6249    i._rt_timer_remove  timer.o
    0x0800b93e   0x0800b93e   0x0000000a   Code   RO         7944    i._sputc            mc_w.l(printfa.o)
    0x0800b948   0x0800b948   0x0000001c   Code   RO         6095    i._thread_cleanup_execute  thread.o
    0x0800b964   0x0800b964   0x00000018   Code   RO          561    i.fputc             usart.o
    0x0800b97c   0x0800b97c   0x00000078   Code   RO           15    i.main              main.o
    0x0800b9f4   0x0800b9f4   0x0000000e   Code   RO         5002    i.main_thread_entry  components.o
    0x0800ba02   0x0800ba02   0x00000002   PAD
    0x0800ba04   0x0800ba04   0x0000010c   Code   RO         5736    i.plug_holes        mem.o
    0x0800bb10   0x0800bb10   0x00000198   Code   RO         5539    i.print_number      kservice.o
    0x0800bca8   0x0800bca8   0x00000050   Code   RO         5003    i.rt_application_init  components.o
    0x0800bcf8   0x0800bcf8   0x00000074   Code   RO         5540    i.rt_assert_handler  kservice.o
    0x0800bd6c   0x0800bd6c   0x0000001c   Code   RO         5005    i.rt_components_init  components.o
    0x0800bd88   0x0800bd88   0x000000b4   Code   RO         5089    i.rt_device_write   device.o
    0x0800be3c   0x0800be3c   0x00000020   Code   RO         5992    i.rt_enter_critical  scheduler.o
    0x0800be5c   0x0800be5c   0x00000044   Code   RO         5993    i.rt_exit_critical  scheduler.o
    0x0800bea0   0x0800bea0   0x00000208   Code   RO         5738    i.rt_free           mem.o
    0x0800c0a8   0x0800c0a8   0x0000004c   Code   RO         6435    i.rt_hw_board_init  board.o
    0x0800c0f4   0x0800c0f4   0x00000014   Code   RO         6436    i.rt_hw_console_output  board.o
    0x0800c108   0x0800c108   0x00000224   Code   RO         6392    i.rt_hw_hard_fault_exception  cpuport.o
    0x0800c32c   0x0800c32c   0x00000050   Code   RO         6393    i.rt_hw_stack_init  cpuport.o
    0x0800c37c   0x0800c37c   0x00000038   Code   RO         5499    i.rt_interrupt_enter  irq.o
    0x0800c3b4   0x0800c3b4   0x0000001c   Code   RO         5501    i.rt_interrupt_get_nest  irq.o
    0x0800c3d0   0x0800c3d0   0x00000038   Code   RO         5502    i.rt_interrupt_leave  irq.o
    0x0800c408   0x0800c408   0x00000018   Code   RO         5222    i.rt_ipc_list_resume  ipc.o
    0x0800c420   0x0800c420   0x0000006e   Code   RO         5224    i.rt_ipc_list_suspend  ipc.o
    0x0800c48e   0x0800c48e   0x00000010   Code   RO         5225    i.rt_ipc_object_init  ipc.o
    0x0800c49e   0x0800c49e   0x00000002   PAD
    0x0800c4a0   0x0800c4a0   0x00000068   Code   RO         5547    i.rt_kprintf        kservice.o
    0x0800c508   0x0800c508   0x00000006   Code   RO         5226    i.rt_list_init      ipc.o
    0x0800c50e   0x0800c50e   0x00000006   Code   RO         5994    i.rt_list_init      scheduler.o
    0x0800c514   0x0800c514   0x00000006   Code   RO         6250    i.rt_list_init      timer.o
    0x0800c51a   0x0800c51a   0x0000000e   Code   RO         5876    i.rt_list_insert_after  object.o
    0x0800c528   0x0800c528   0x0000000e   Code   RO         6096    i.rt_list_insert_after  thread.o
    0x0800c536   0x0800c536   0x0000000e   Code   RO         6251    i.rt_list_insert_after  timer.o
    0x0800c544   0x0800c544   0x0000000e   Code   RO         5227    i.rt_list_insert_before  ipc.o
    0x0800c552   0x0800c552   0x00000010   Code   RO         5228    i.rt_list_isempty   ipc.o
    0x0800c562   0x0800c562   0x00000010   Code   RO         6252    i.rt_list_isempty   timer.o
    0x0800c572   0x0800c572   0x00000012   Code   RO         5877    i.rt_list_remove    object.o
    0x0800c584   0x0800c584   0x00000012   Code   RO         6097    i.rt_list_remove    thread.o
    0x0800c596   0x0800c596   0x00000012   Code   RO         6253    i.rt_list_remove    timer.o
    0x0800c5a8   0x0800c5a8   0x000002bc   Code   RO         5740    i.rt_malloc         mem.o
    0x0800c864   0x0800c864   0x00000048   Code   RO         5553    i.rt_memset         kservice.o
    0x0800c8ac   0x0800c8ac   0x000000ec   Code   RO         5878    i.rt_object_allocate  object.o
    0x0800c998   0x0800c998   0x000000a0   Code   RO         5880    i.rt_object_delete  object.o
    0x0800ca38   0x0800ca38   0x0000005c   Code   RO         5881    i.rt_object_detach  object.o
    0x0800ca94   0x0800ca94   0x00000028   Code   RO         5884    i.rt_object_get_information  object.o
    0x0800cabc   0x0800cabc   0x00000034   Code   RO         5887    i.rt_object_get_type  object.o
    0x0800caf0   0x0800caf0   0x000000bc   Code   RO         5888    i.rt_object_init    object.o
    0x0800cbac   0x0800cbac   0x0000003c   Code   RO         5889    i.rt_object_is_systemobject  object.o
    0x0800cbe8   0x0800cbe8   0x00000144   Code   RO         5995    i.rt_schedule       scheduler.o
    0x0800cd2c   0x0800cd2c   0x0000009c   Code   RO         5996    i.rt_schedule_insert_thread  scheduler.o
    0x0800cdc8   0x0800cdc8   0x00000080   Code   RO         5997    i.rt_schedule_remove_thread  scheduler.o
    0x0800ce48   0x0800ce48   0x0000006c   Code   RO         5257    i.rt_sem_init       ipc.o
    0x0800ceb4   0x0800ceb4   0x000000a8   Code   RO         5258    i.rt_sem_release    ipc.o
    0x0800cf5c   0x0800cf5c   0x000001a4   Code   RO         5259    i.rt_sem_take       ipc.o
    0x0800d100   0x0800d100   0x00000028   Code   RO         5554    i.rt_set_errno      kservice.o
    0x0800d128   0x0800d128   0x000000b0   Code   RO         5555    i.rt_show_version   kservice.o
    0x0800d1d8   0x0800d1d8   0x00000022   Code   RO         5557    i.rt_sprintf        kservice.o
    0x0800d1fa   0x0800d1fa   0x00000012   Code   RO         5561    i.rt_strlen         kservice.o
    0x0800d20c   0x0800d20c   0x00000034   Code   RO         5563    i.rt_strncpy        kservice.o
    0x0800d240   0x0800d240   0x00000154   Code   RO         5744    i.rt_system_heap_init  mem.o
    0x0800d394   0x0800d394   0x00000040   Code   RO         5999    i.rt_system_scheduler_init  scheduler.o
    0x0800d3d4   0x0800d3d4   0x00000028   Code   RO         6000    i.rt_system_scheduler_start  scheduler.o
    0x0800d3fc   0x0800d3fc   0x0000001c   Code   RO         6254    i.rt_system_timer_init  timer.o
    0x0800d418   0x0800d418   0x00000002   Code   RO         6255    i.rt_system_timer_thread_init  timer.o
    0x0800d41a   0x0800d41a   0x00000050   Code   RO         6099    i.rt_thread_create  thread.o
    0x0800d46a   0x0800d46a   0x00000002   PAD
    0x0800d46c   0x0800d46c   0x00000054   Code   RO         6104    i.rt_thread_exit    thread.o
    0x0800d4c0   0x0800d4c0   0x00000028   Code   RO         5168    i.rt_thread_idle_entry  idle.o
    0x0800d4e8   0x0800d4e8   0x000000b8   Code   RO         5169    i.rt_thread_idle_excute  idle.o
    0x0800d5a0   0x0800d5a0   0x00000060   Code   RO         5171    i.rt_thread_idle_init  idle.o
    0x0800d600   0x0800d600   0x00000080   Code   RO         6106    i.rt_thread_init    thread.o
    0x0800d680   0x0800d680   0x00000014   Code   RO         6108    i.rt_thread_mdelay  thread.o
    0x0800d694   0x0800d694   0x0000009c   Code   RO         6109    i.rt_thread_resume  thread.o
    0x0800d730   0x0800d730   0x0000000c   Code   RO         6111    i.rt_thread_self    thread.o
    0x0800d73c   0x0800d73c   0x00000080   Code   RO         6112    i.rt_thread_sleep   thread.o
    0x0800d7bc   0x0800d7bc   0x000000c4   Code   RO         6113    i.rt_thread_startup  thread.o
    0x0800d880   0x0800d880   0x000000dc   Code   RO         6114    i.rt_thread_suspend  thread.o
    0x0800d95c   0x0800d95c   0x000000b4   Code   RO         6116    i.rt_thread_timeout  thread.o
    0x0800da10   0x0800da10   0x00000038   Code   RO         4957    i.rt_tick_from_millisecond  clock.o
    0x0800da48   0x0800da48   0x0000000c   Code   RO         4958    i.rt_tick_get       clock.o
    0x0800da54   0x0800da54   0x0000003c   Code   RO         4960    i.rt_tick_increase  clock.o
    0x0800da90   0x0800da90   0x000000e0   Code   RO         6256    i.rt_timer_check    timer.o
    0x0800db70   0x0800db70   0x000000dc   Code   RO         6257    i.rt_timer_control  timer.o
    0x0800dc4c   0x0800dc4c   0x000000dc   Code   RO         6260    i.rt_timer_detach   timer.o
    0x0800dd28   0x0800dd28   0x00000054   Code   RO         6263    i.rt_timer_init     timer.o
    0x0800dd7c   0x0800dd7c   0x000001b4   Code   RO         6266    i.rt_timer_start    timer.o
    0x0800df30   0x0800df30   0x000000c0   Code   RO         6267    i.rt_timer_stop     timer.o
    0x0800dff0   0x0800dff0   0x00000330   Code   RO         5566    i.rt_vsnprintf      kservice.o
    0x0800e320   0x0800e320   0x00000016   Code   RO         5567    i.rt_vsprintf       kservice.o
    0x0800e336   0x0800e336   0x00000004   Code   RO         5006    i.rti_board_end     components.o
    0x0800e33a   0x0800e33a   0x00000004   Code   RO         5007    i.rti_board_start   components.o
    0x0800e33e   0x0800e33e   0x00000004   Code   RO         5008    i.rti_end           components.o
    0x0800e342   0x0800e342   0x00000004   Code   RO         5009    i.rti_start         components.o
    0x0800e346   0x0800e346   0x0000002a   Code   RO         5010    i.rtthread_startup  components.o
    0x0800e370   0x0800e370   0x00000026   Code   RO         5568    i.skip_atoi         kservice.o
    0x0800e396   0x0800e396   0x00000002   PAD
    0x0800e398   0x0800e398   0x00000098   Code   RO         6437    i.thread1_entry     board.o
    0x0800e430   0x0800e430   0x00000038   Code   RO         4542    i.usMBCRC16         mbcrc.o
    0x0800e468   0x0800e468   0x00000008   Data   RO         1313    .constdata          stm32f4xx_hal_dma.o
    0x0800e470   0x0800e470   0x00000018   Data   RO         3511    .constdata          system_stm32f4xx.o
    0x0800e488   0x0800e488   0x0000150e   Data   RO         3836    .constdata          ov5640.o
    0x0800f996   0x0800f996   0x00000200   Data   RO         4543    .constdata          mbcrc.o
    0x0800fb96   0x0800fb96   0x00000002   PAD
    0x0800fb98   0x0800fb98   0x00001358   Data   RO         4828    .constdata          tn16.o
    0x08010ef0   0x08010ef0   0x00000458   Data   RO         4885    .constdata          tndz.o
    0x08011348   0x08011348   0x00000014   Data   RO         5011    .constdata          components.o
    0x0801135c   0x0801135c   0x000000ba   Data   RO         5090    .constdata          device.o
    0x08011416   0x08011416   0x00000016   Data   RO         5174    .constdata          idle.o
    0x0801142c   0x0801142c   0x000001fc   Data   RO         5261    .constdata          ipc.o
    0x08011628   0x08011628   0x00000022   Data   RO         5570    .constdata          kservice.o
    0x0801164a   0x0801164a   0x0000003c   Data   RO         5746    .constdata          mem.o
    0x08011686   0x08011686   0x00000080   Data   RO         5893    .constdata          object.o
    0x08011706   0x08011706   0x0000004e   Data   RO         6002    .constdata          scheduler.o
    0x08011754   0x08011754   0x000000c0   Data   RO         6118    .constdata          thread.o
    0x08011814   0x08011814   0x0000005c   Data   RO         6268    .constdata          timer.o
    0x08011870   0x08011870   0x00000042   Data   RO         4565    .conststring        rs485.o
    0x080118b2   0x080118b2   0x00000002   PAD
    0x080118b4   0x080118b4   0x00000045   Data   RO         5262    .conststring        ipc.o
    0x080118f9   0x080118f9   0x00000003   PAD
    0x080118fc   0x080118fc   0x000000eb   Data   RO         5747    .conststring        mem.o
    0x080119e7   0x080119e7   0x00000001   PAD
    0x080119e8   0x080119e8   0x00000042   Data   RO         6119    .conststring        thread.o
    0x08011a2a   0x08011a2a   0x00000002   PAD
    0x08011a2c   0x08011a2c   0x00000018   Data   RO         6483    .rodata             STemWin_CM4_wc16.a(GUICC_M565.o)
    0x08011a44   0x08011a44   0x00000017   Data   RO         6661    .rodata             STemWin_CM4_wc16.a(GUI_Core.o)
    0x08011a5b   0x08011a5b   0x00000001   PAD
    0x08011a5c   0x08011a5c   0x00000010   Data   RO         6697    .rodata             STemWin_CM4_wc16.a(GUI_UC_EncodeUTF8.o)
    0x08011a6c   0x08011a6c   0x00000074   Data   RO         6838    .rodata             STemWin_CM4_wc16.a(GUIDRV_FlexColor.o)
    0x08011ae0   0x08011ae0   0x00000008   Data   RO         6868    .rodata             STemWin_CM4_wc16.a(GUIDRV_FlexColor_Func66720.o)
    0x08011ae8   0x08011ae8   0x000012b8   Data   RO         6872    .rodata             STemWin_CM4_wc16.a(F24_ASCII.o)
    0x08012da0   0x08012da0   0x0000073c   Data   RO         6876    .rodata             STemWin_CM4_wc16.a(F6x8.o)
    0x080134dc   0x080134dc   0x00000074   Data   RO         6894    .rodata             STemWin_CM4_wc16.a(GUIDEV_16.o)
    0x08013550   0x08013550   0x00000010   Data   RO         6962    .rodata             STemWin_CM4_wc16.a(GUI_UC_EncodeNone.o)
    0x08013560   0x08013560   0x00000370   Data   RO         6975    .rodata             STemWin_CM4_wc16.a(GUI__DivTbl.o)
    0x080138d0   0x080138d0   0x0000000c   Data   RO         7040    .rodata             STemWin_CM4_wc16.a(LCD.o)
    0x080138dc   0x080138dc   0x00000100   Data   RO         7066    .rodata             STemWin_CM4_wc16.a(LCD_Mirror.o)
    0x080139dc   0x080139dc   0x00000018   Data   RO         7256    .rodata             STemWin_CM4_wc16.a(GUICC_0.o)
    0x080139f4   0x080139f4   0x00000004   Data   RO         5012    .rti_fn.0           components.o
    0x080139f8   0x080139f8   0x00000004   Data   RO         5013    .rti_fn.0.end       components.o
    0x080139fc   0x080139fc   0x00000004   Data   RO         5014    .rti_fn.1.end       components.o
    0x08013a00   0x08013a00   0x00000004   Data   RO         5015    .rti_fn.6.end       components.o
    0x08013a04   0x08013a04   0x00000020   Data   RO         8057    Region$$Table       anon$$obj.o


    Execution Region RW_IRAM2 (Exec base: 0x10000000, Load base: 0x08013ad4, Size: 0x00000000, Max: 0x00010000, ABSOLUTE)

    **** No section assigned to this execution region ****


    Execution Region RW_IRAM1 (Exec base: 0x20000000, Load base: 0x08013a24, Size: 0x00006c20, Max: 0x00020000, ABSOLUTE, COMPRESSED[0x000000b0])

    Exec Addr    Load Addr    Size         Type   Attr      Idx    E Section Name        Object

    0x20000000   COMPRESSED   0x00000008   Data   RW          300    .data               crc.o
    0x20000008   COMPRESSED   0x00000008   Data   RW          419    .data               fsmc.o
    0x20000010   COMPRESSED   0x00000009   Data   RW         1745    .data               stm32f4xx_hal.o
    0x20000019   COMPRESSED   0x00000003   PAD
    0x2000001c   COMPRESSED   0x00000004   Data   RW         3512    .data               system_stm32f4xx.o
    0x20000020   COMPRESSED   0x00000008   Data   RW         3566    .data               lcd_ssd1963.o
    0x20000028   COMPRESSED   0x00000060   Data   RW         4200    .data               key.o
    0x20000088   COMPRESSED   0x0000001c   Data   RW         4267    .data               bsp.o
    0x200000a4   COMPRESSED   0x00000004   Data   RW         4566    .data               rs485.o
    0x200000a8   COMPRESSED   0x00000004   Data   RW         4962    .data               clock.o
    0x200000ac   COMPRESSED   0x00000009   Data   RW         5504    .data               irq.o
    0x200000b5   COMPRESSED   0x00000003   PAD
    0x200000b8   COMPRESSED   0x0000000c   Data   RW         5571    .data               kservice.o
    0x200000c4   COMPRESSED   0x00000020   Data   RW         5748    .data               mem.o
    0x200000e4   COMPRESSED   0x000000a4   Data   RW         5894    .data               object.o
    0x20000188   COMPRESSED   0x0000001c   Data   RW         6003    .data               scheduler.o
    0x200001a4   COMPRESSED   0x0000000c   Data   RW         6120    .data               thread.o
    0x200001b0   COMPRESSED   0x00000014   Data   RW         6269    .data               timer.o
    0x200001c4   COMPRESSED   0x00000010   Data   RW         6395    .data               cpuport.o
    0x200001d4   COMPRESSED   0x00000007   Data   RW         6544    .data               STemWin_CM4_wc16.a(GUI_Common.o)
    0x200001db   COMPRESSED   0x00000001   PAD
    0x200001dc   COMPRESSED   0x00000010   Data   RW         6634    .data               STemWin_CM4_wc16.a(GUI_Core.o)
    0x200001ec   COMPRESSED   0x00000008   Data   RW         6848    .data               STemWin_CM4_wc16.a(GUIDRV_FlexColor_Func66720.o)
    0x200001f4   COMPRESSED   0x00000004   Data   RW         6905    .data               STemWin_CM4_wc16.a(GUI_CharLine.o)
    0x200001f8   COMPRESSED   0x00000008   Data   RW         6977    .data               STemWin_CM4_wc16.a(GUI__Private.o)
    0x20000200   COMPRESSED   0x00000004   Data   RW         7019    .data               STemWin_CM4_wc16.a(LCD.o)
    0x20000204   COMPRESSED   0x00000004   Data   RW         7042    .data               STemWin_CM4_wc16.a(LCD_Color.o)
    0x20000208   COMPRESSED   0x00000004   Data   RW         7984    .data               mc_w.l(stdout.o)
    0x2000020c        -       0x000000a0   Zero   RW          342    .bss                dcmi.o
    0x200002ac        -       0x000000a0   Zero   RW          418    .bss                fsmc.o
    0x2000034c        -       0x00000020   Zero   RW          469    .bss                rtc.o
    0x2000036c        -       0x000000b0   Zero   RW          512    .bss                spi.o
    0x2000041c        -       0x0000018c   Zero   RW          562    .bss                usart.o
    0x200005a8        -       0x00000014   Zero   RW         3729    .bss                simulate_i2c.o
    0x200005bc        -       0x00000924   Zero   RW         4054    .bss                uart_device.o
    0x20000ee0        -       0x00002800   Zero   RW         4602    .bss                guiconf.o
    0x200036e0        -       0x00000490   Zero   RW         5173    .bss                idle.o
    0x20003b70        -       0x00000080   Zero   RW         5569    .bss                kservice.o
    0x20003bf0        -       0x00000020   Zero   RW         5745    .bss                mem.o
    0x20003c10        -       0x00000100   Zero   RW         6001    .bss                scheduler.o
    0x20003d10        -       0x00002800   Zero   RW         6438    .bss                board.o
    0x20006510        -       0x00000008   Zero   RW         6476    .bss                STemWin_CM4_wc16.a(GUICC_M565.o)
    0x20006518        -       0x0000000c   Zero   RW         6486    .bss                STemWin_CM4_wc16.a(GUI_Alloc.o)
    0x20006524        -       0x000000a8   Zero   RW         6635    .bss                STemWin_CM4_wc16.a(GUI_Core.o)
    0x200065cc        -       0x00000008   Zero   RW         6700    .bss                STemWin_CM4_wc16.a(LCD_GetEx.o)
    0x200065d4        -       0x0000001c   Zero   RW         6780    .bss                STemWin_CM4_wc16.a(GUIDRV_FlexColor.o)
    0x200065f0        -       0x00000004   Zero   RW         6879    .bss                STemWin_CM4_wc16.a(GUIDEV_16.o)
    0x200065f4        -       0x00000060   Zero   RW         6934    .bss                STemWin_CM4_wc16.a(GUI_OnKey.o)
    0x20006654        -       0x00000008   Zero   RW         6965    .bss                STemWin_CM4_wc16.a(GUI_WaitEvent.o)
    0x2000665c        -       0x0000000c   Zero   RW         7043    .bss                STemWin_CM4_wc16.a(LCD_Color.o)
    0x20006668        -       0x00000030   Zero   RW         7112    .bss                STemWin_CM4_wc16.a(WM.o)
    0x20006698        -       0x00000018   Zero   RW         7311    .bss                STemWin_CM4_wc16.a(GUI__ManageCache.o)
    0x200066b0        -       0x00000004   Zero   RW         7408    .bss                STemWin_CM4_wc16.a(WM__Private.o)
    0x200066b4        -       0x000000c0   Zero   RW         8006    GUI_ALLOC__Context  anon$$obj.o
    0x20006774        -       0x00000004   Zero   RW         8027    GUI_DCACHE__pfClearCacheHook  anon$$obj.o
    0x20006778        -       0x00000001   Zero   RW         8007    GUI_DecChar         anon$$obj.o
    0x20006779   COMPRESSED   0x00000001   PAD
    0x2000677a        -       0x00000002   Zero   RW         8008    GUI_OrgX            anon$$obj.o
    0x2000677c        -       0x00000002   Zero   RW         8009    GUI_OrgY            anon$$obj.o
    0x2000677e        -       0x00000001   Zero   RW         8023    GUI__IsInitialized  anon$$obj.o
    0x2000677f        -       0x00000001   Zero   RW         8024    GUI__NumLayersInUse  anon$$obj.o
    0x20006780        -       0x00000001   Zero   RW         8022    GUI__PreserveTrans  anon$$obj.o
    0x20006781   COMPRESSED   0x00000003   PAD
    0x20006784        -       0x00000008   Zero   RW         8013    GUI__apDevice       anon$$obj.o
    0x2000678c        -       0x00000004   Zero   RW         8026    GUI_pLCD_APIList    anon$$obj.o
    0x20006790        -       0x00000004   Zero   RW         8017    GUI_pUC_API         anon$$obj.o
    0x20006794        -       0x00000004   Zero   RW         8015    GUI_pfDispCharLine  anon$$obj.o
    0x20006798        -       0x00000004   Zero   RW         8014    GUI_pfDispCharStyle  anon$$obj.o
    0x2000679c        -       0x00000004   Zero   RW         8032    LCD__aConvTable     anon$$obj.o
    0x200067a0        -       0x00000400   Zero   RW            1    STACK               startup_stm32f407xx.o
    0x20006ba0        -       0x00000004   Zero   RW         8039    WM_MULTIBUF__pAPI   anon$$obj.o
    0x20006ba4        -       0x00000004   Zero   RW         8038    WM__CreateFlags     anon$$obj.o
    0x20006ba8        -       0x00000004   Zero   RW         8045    WM__FirstWin        anon$$obj.o
    0x20006bac        -       0x00000004   Zero   RW         8048    WM__InvalidLayerMask  anon$$obj.o
    0x20006bb0        -       0x00000002   Zero   RW         8047    WM__NumInvalidWindows  anon$$obj.o
    0x20006bb2        -       0x00000002   Zero   RW         8049    WM__NumWindows      anon$$obj.o
    0x20006bb4        -       0x00000001   Zero   RW         8052    WM__PaintCallbackCnt  anon$$obj.o
    0x20006bb5   COMPRESSED   0x00000003   PAD
    0x20006bb8        -       0x00000004   Zero   RW         8050    WM__TouchedLayer    anon$$obj.o
    0x20006bbc        -       0x00000004   Zero   RW         8036    WM__TransWindowCnt  anon$$obj.o
    0x20006bc0        -       0x00000008   Zero   RW         8053    WM__aBkColor        anon$$obj.o
    0x20006bc8        -       0x00000010   Zero   RW         8043    WM__aCHWinLast      anon$$obj.o
    0x20006bd8        -       0x00000010   Zero   RW         8041    WM__aCHWinModal     anon$$obj.o
    0x20006be8        -       0x00000010   Zero   RW         8044    WM__aCHWinMouseOver  anon$$obj.o
    0x20006bf8        -       0x00000008   Zero   RW         8035    WM__ahCapture       anon$$obj.o
    0x20006c00        -       0x00000008   Zero   RW         8042    WM__ahDesktopWin    anon$$obj.o
    0x20006c08        -       0x00000008   Zero   RW         8034    WM__ahWinFocus      anon$$obj.o
    0x20006c10        -       0x00000004   Zero   RW         8037    WM__hATransWindow   anon$$obj.o
    0x20006c14        -       0x00000004   Zero   RW         8046    WM__hCreateStatic   anon$$obj.o
    0x20006c18        -       0x00000004   Zero   RW         8040    WM__pExecGestures   anon$$obj.o
    0x20006c1c        -       0x00000004   Zero   RW         8033    WM__pFirstCriticalHandle  anon$$obj.o


==============================================================================

Image component sizes


      Code (inc. data)   RO Data    RW Data    ZI Data      Debug   Object Name

       248         26          0          0      10240       2454   board.o
       604        144          0         28          0       4323   bsp.o
       128         12          0          4          0       1788   clock.o
       190         42         36          0          0       5389   components.o
       308         28          0          0          0        796   context_rvds.o
       644        342          0         16          0       4462   cpuport.o
        84         18          0          8          0       1507   crc.o
       540         48          0          0        160       3348   dcmi.o
       180         82        186          0          0       6190   device.o
       374        202          0          0          0       2280   dis_china_char.o
       120          6          0          0          0        826   dma.o
        86         14          0          0          0       1498   dwt_delay.o
       292          0          0          0          0       4328   fifo.o
       518         36          0          8        160       2554   fsmc.o
       676         32          0          0          0       1375   gpio.o
         2          0          0          0          0        449   gui_x.o
        28          8          0          0      10240        539   guiconf.o
       320         78         22          0       1168       5422   idle.o
       882        202        577          0          0      33384   ipc.o
       140         26          0          9          0       2226   irq.o
       480         30          0         96          0       5243   key.o
      1896        226         34         12        128      11050   kservice.o
       916        154          0          8          0      57522   lcd_ssd1963.o
       248         34          0          0          0       6884   lcdconf_flexcolor_template.o
       338         52          0          0          0     720756   main.o
        56          8        512          0          0       1172   mbcrc.o
      1828        664        295         32         32       5529   mem.o
       860        284        128        164          0      10558   object.o
      2130        424       5390          0          0      11659   ov5640.o
       240         58         66          4          0       2640   rs485.o
       192         16          0          0         32       1615   rtc.o
      1054        250         78         28        256      10058   scheduler.o
       682         10          0          0         20       8371   simulate_i2c.o
       448         38          0          0        176       2410   spi.o
        36          8        392          0       1024        840   startup_stm32f407xx.o
       172         32          0          9          0       8773   stm32f4xx_hal.o
       304         22          0          0          0      34491   stm32f4xx_hal_cortex.o
        32          0          0          0          0       1039   stm32f4xx_hal_crc.o
       212          6          0          0          0       4124   stm32f4xx_hal_dcmi.o
       146          0          0          0          0       1104   stm32f4xx_hal_dcmi_ex.o
      1434         16          8          0          0       7046   stm32f4xx_hal_dma.o
       544         46          0          0          0       2791   stm32f4xx_hal_gpio.o
        72          4          0          0          0        862   stm32f4xx_hal_msp.o
      1820         84          0          0          0       5636   stm32f4xx_hal_rcc.o
       416         20          0          0          0       1408   stm32f4xx_hal_rcc_ex.o
      1116         22          0          0          0       7346   stm32f4xx_hal_rtc.o
        36          0          0          0          0       1779   stm32f4xx_hal_rtc_ex.o
       200          0          0          0          0       1191   stm32f4xx_hal_spi.o
        88          0          0          0          0       1208   stm32f4xx_hal_sram.o
      2436         30          0          0          0      15526   stm32f4xx_hal_uart.o
       520         42          0          0          0       6640   stm32f4xx_it.o
       232         10          0          0          0       2731   stm32f4xx_ll_fsmc.o
        20          6         24          4          0       1139   system_stm32f4xx.o
      1472        410        258         12          0      15590   thread.o
      1554        490         92         20          0      22831   timer.o
         0          0       4952          0          0      55470   tn16.o
         0          0       1112          0          0      52878   tndz.o
       448        160          0          0       2340       5131   uart_device.o
       720         70          0          0        396       3798   usart.o

    ----------------------------------------------------------------------
     31806       5072      14204        468      26736    1201977   Object Totals
         0          0         32          0        357          0   (incl. Generated)
        44          0         10          6          7          0   (incl. Padding)

    ----------------------------------------------------------------------

      Code (inc. data)   RO Data    RW Data    ZI Data      Debug   Library Member Name

         0          0       4792          0          0          0   F24_ASCII.o
         0          0       1852          0          0          0   F6x8.o
       194          0         24          0          0          0   GUICC_0.o
       278         40         24          0          8          0   GUICC_M565.o
       110          4          0          0          0          0   GUIDEV.o
      2602         56        116          0          4          0   GUIDEV_16.o
        32          0          0          0          0          0   GUIDEV_GetDataPtr.o
        78          0          0          0          0          0   GUIDEV_Usage.o
      1996          8          0          0          0          0   GUIDEV_WriteToActiveOpaque.o
      1562        102        116          0         28          0   GUIDRV_FlexColor.o
      1694         72          0          0          0          0   GUIDRV_FlexColor_16bpp_C0B16.o
      1248         56          8          8          0          0   GUIDRV_FlexColor_Func66720.o
      1312         72          0          0         12          0   GUI_Alloc.o
        96         16          0          0          0          0   GUI_Char.o
       506         36          0          4          0          0   GUI_CharLine.o
       400          8          0          0          0          0   GUI_CharM.o
       338          8          0          0          0          0   GUI_CharP.o
       334          8          0          0          0          0   GUI_Circ.o
       420         28          0          7          0          0   GUI_Common.o
       784        120         23         16        168          0   GUI_Core.o
       332         24          0          0          0          0   GUI_Device.o
       296          8          0          0          0          0   GUI_DispString.o
        16          4          0          0         96          0   GUI_OnKey.o
        44          8          0          0          0          0   GUI_SelectLayer.o
        76          8          0          0          0          0   GUI_UC.o
        18          0         16          0          0          0   GUI_UC_EncodeNone.o
       216          8         16          0          0          0   GUI_UC_EncodeUTF8.o
        16          4          0          0          8          0   GUI_WaitEvent.o
       350          0          0          0          0          0   GUI__CompactPixelIndices.o
         0          0        880          0          0          0   GUI__DivTbl.o
       236          8          0          0         24          0   GUI__ManageCache.o
       244          0          0          8          0          0   GUI__Private.o
      1720        108         12          4          0          0   LCD.o
       336         48          0          4         12          0   LCD_Color.o
        32          8          0          0          0          0   LCD_GetColorIndex.o
       400         32          0          0          8          0   LCD_GetEx.o
        30          0          0          0          0          0   LCD_GetNumDisplays.o
         0          0        256          0          0          0   LCD_Mirror.o
        64          8          0          0          0          0   LCD_SelectLCD.o
       144          0          0          0          0          0   LCD_Set.o
        48          8          0          0          0          0   LCD_SetClipRectEx.o
        36          4          0          0          0          0   LCD_UpdateColorIndices.o
      3226        236          0          0         48          0   WM.o
       218          8          0          0          0          0   WM_Lib.o
       166          8          0          0          4          0   WM__Private.o
        86          0          0          0          0          0   __dczerorl2.o
         0          0          0          0          0          0   entry.o
         0          0          0          0          0          0   entry10a.o
         0          0          0          0          0          0   entry11a.o
         4          0          0          0          0          0   entry12b.o
         8          4          0          0          0          0   entry2.o
         4          0          0          0          0          0   entry5.o
         0          0          0          0          0          0   entry7b.o
         0          0          0          0          0          0   entry8b.o
         8          4          0          0          0          0   entry9a.o
        30          0          0          0          0          0   handlers.o
        36          8          0          0          0         68   init.o
         0          0          0          0          0          0   iusefp.o
        30          0          0          0          0         68   llshl.o
        36          0          0          0          0         68   llsshr.o
        32          0          0          0          0         68   llushr.o
        66          0          0          0          0         76   memmove.o
        36          0          0          0          0        108   memseta.o
      2268         96          0          0          0        616   printfa.o
         0          0          0          4          0          0   stdout.o
        44          0          0          0          0         80   uidiv.o
        98          0          0          0          0         92   uldiv.o
        48          0          0          0          0         68   cdrcmple.o
       334          0          0          0          0        148   dadd.o
       222          0          0          0          0        100   ddiv.o
       186          0          0          0          0        176   depilogue.o
        50          0          0          0          0         76   dfixui.o
        48          0          0          0          0         68   dfixul.o
        26          0          0          0          0         76   dfltui.o
       228          0          0          0          0         96   dmul.o
        38          0          0          0          0         68   f2d.o

    ----------------------------------------------------------------------
     26274       1286       8136         56        420       2120   Library Totals
        60          0          1          1          0          0   (incl. Padding)

    ----------------------------------------------------------------------

      Code (inc. data)   RO Data    RW Data    ZI Data      Debug   Library Name

     22248       1174       8135         51        420          0   STemWin_CM4_wc16.a
      2786        112          0          4          0       1244   mc_w.l
      1180          0          0          0          0        876   mf_w.l

    ----------------------------------------------------------------------
     26274       1286       8136         56        420       2120   Library Totals

    ----------------------------------------------------------------------

==============================================================================


      Code (inc. data)   RO Data    RW Data    ZI Data      Debug   

     58080       6358      22340        524      27156    1174789   Grand Totals
     58080       6358      22340        176      27156    1174789   ELF Image Totals (compressed)
     58080       6358      22340        176          0          0   ROM Totals

==============================================================================

    Total RO  Size (Code + RO Data)                80420 (  78.54kB)
    Total RW  Size (RW Data + ZI Data)             27680 (  27.03kB)
    Total ROM Size (Code + RO Data + RW Data)      80596 (  78.71kB)

==============================================================================

